 PhysXCooking_64

 Timestamp is 67ef8557 (Fri Apr  4 09:08:07 2025)

 Preferred load address is 0000000180000000

 Start         Length     Name                   Class
 0001:00000000 00000120H .text$di                CODE
 0001:00000120 00005c00H .text$mn                CODE
 0001:00005d20 00000040H .text$mn$00             CODE
 0001:00005d60 00000100H .text$x                 CODE
 0002:00000000 00000218H .idata$5                DATA
 0002:00000218 00000028H .00cfg                  DATA
 0002:00000240 00000008H .CRT$XCA                DATA
 0002:00000248 00000030H .CRT$XCU                DATA
 0002:00000278 00000008H .CRT$XCZ                DATA
 0002:00000280 00000008H .CRT$XIA                DATA
 0002:00000288 00000008H .CRT$XIZ                DATA
 0002:00000290 00000008H .CRT$XPA                DATA
 0002:00000298 00000008H .CRT$XPZ                DATA
 0002:000002a0 00000008H .CRT$XTA                DATA
 0002:000002a8 00000008H .CRT$XTZ                DATA
 0002:000002b0 00000000H .gehcont$y              DATA
 0002:000002b0 00000000H .gfids$y                DATA
 0002:000002b0 00000d50H .rdata                  DATA
 0002:00001000 00000008H .rdata$CastGuardVftablesA DATA
 0002:00001008 00000008H .rdata$CastGuardVftablesC DATA
 0002:00001010 00000074H .rdata$r                DATA
 0002:00001084 00000020H .rdata$voltmd           DATA
 0002:000010a4 0000042cH .rdata$zzzdbg           DATA
 0002:000014d0 00000008H .rtc$IAA                DATA
 0002:000014d8 00000010H .rtc$IMZ                DATA
 0002:000014e8 00000008H .rtc$IZZ                DATA
 0002:000014f0 00000008H .rtc$TAA                DATA
 0002:000014f8 00000010H .rtc$TMZ                DATA
 0002:00001508 00000008H .rtc$TZZ                DATA
 0002:00001510 000007d4H .xdata                  DATA
 0002:00001ce4 00000040H .didat$2                DATA
 0002:00001d24 00000024H .didat$3                DATA
 0002:00001d48 000000d8H .didat$4                DATA
 0002:00001e20 000002a0H .didat$6                DATA
 0002:000020c0 000000e0H .didat$7                DATA
 0002:000021a0 00000af8H .edata                  DATA
 0002:00002c98 0000003cH .idata$2                DATA
 0002:00002cd4 00000014H .idata$3                DATA
 0002:00002ce8 00000218H .idata$4                DATA
 0002:00002f00 00000538H .idata$6                DATA
 0003:00000000 00000058H .data                   DATA
 0003:00000058 00000090H .data$r                 DATA
 0003:000000e8 00000020H .data$rs                DATA
 0003:00000108 000000d8H .didat$5                DATA
 0003:000001e0 000006c8H .bss                    DATA
 0004:00000000 00000918H .pdata                  DATA
 0005:00000000 000000a0H .rsrc$01                DATA
 0005:000000a0 000004b0H .rsrc$02                DATA

  Address         Publics by Value              Rva+Base               Lib:Object

 0000:00000000       __dynamic_value_reloc_table 0000000000000000     <absolute>
 0000:00000000       __guard_fids_count         0000000000000000     <absolute>
 0000:00000000       __arm64x_redirection_metadata_count 0000000000000000     <absolute>
 0000:00000000       __enclave_config           0000000000000000     <absolute>
 0000:00000000       __guard_longjmp_count      0000000000000000     <absolute>
 0000:00000000       __guard_iat_count          0000000000000000     <absolute>
 0000:00000000       __hybrid_code_map          0000000000000000     <absolute>
 0000:00000000       __hybrid_auxiliary_iat     0000000000000000     <absolute>
 0000:00000000       __x64_code_ranges_to_entry_points 0000000000000000     <absolute>
 0000:00000000       __guard_fids_table         0000000000000000     <absolute>
 0000:00000000       __hybrid_auxiliary_iat_copy 0000000000000000     <absolute>
 0000:00000000       __guard_longjmp_table      0000000000000000     <absolute>
 0000:00000000       __hybrid_code_map_count    0000000000000000     <absolute>
 0000:00000000       __guard_iat_table          0000000000000000     <absolute>
 0000:00000000       __guard_eh_cont_count      0000000000000000     <absolute>
 0000:00000000       __arm64x_extra_rfe_table_size 0000000000000000     <absolute>
 0000:00000000       __guard_check_icall_a64n_fptr 0000000000000000     <absolute>
 0000:00000000       __arm64x_redirection_metadata 0000000000000000     <absolute>
 0000:00000000       __guard_eh_cont_table      0000000000000000     <absolute>
 0000:00000000       __x64_code_ranges_to_entry_points_count 0000000000000000     <absolute>
 0000:00000000       ___safe_se_handler_table   0000000000000000     <absolute>
 0000:00000000       __AbsoluteZero             0000000000000000     <absolute>
 0000:00000000       __arm64x_native_entrypoint 0000000000000000     <absolute>
 0000:00000000       ___safe_se_handler_count   0000000000000000     <absolute>
 0000:00000000       __arm64x_extra_rfe_table   0000000000000000     <absolute>
 0000:00000100       __guard_flags              0000000000000100     <absolute>
 0000:00000000       __ImageBase                0000000180000000     <linker-defined>
 0001:00000120       PxGetStandaloneInsertionCallback 0000000180001120 f   Cooking.obj
 0001:00000140       PxCookBVH                  0000000180001140 f   Cooking.obj
 0001:00000170       PxCreateBVH                0000000180001170 f   Cooking.obj
 0001:000001a0       PxCookHeightField          00000001800011a0 f   Cooking.obj
 0001:000001d0       PxCreateHeightField        00000001800011d0 f   Cooking.obj
 0001:00000200       PxCookConvexMesh           0000000180001200 f   Cooking.obj
 0001:00000240       PxCreateConvexMesh         0000000180001240 f   Cooking.obj
 0001:00000280       PxValidateConvexMesh       0000000180001280 f   Cooking.obj
 0001:000002b0       PxComputeHullPolygons      00000001800012b0 f   Cooking.obj
 0001:00000330       PxValidateTriangleMesh     0000000180001330 f   Cooking.obj
 0001:00000360       PxCookTriangleMesh         0000000180001360 f   Cooking.obj
 0001:000003a0       PxCreateTriangleMesh       00000001800013a0 f   Cooking.obj
 0001:000003e0       PxCookTetrahedronMesh      00000001800013e0 f   Cooking.obj
 0001:00000420       PxCreateTetrahedronMesh    0000000180001420 f   Cooking.obj
 0001:00000460       PxCookDeformableVolumeMesh 0000000180001460 f   Cooking.obj
 0001:000004b0       PxCreateDeformableVolumeMesh 00000001800014b0 f   Cooking.obj
 0001:00000500       PxComputeModelsMapping     0000000180001500 f   Cooking.obj
 0001:00000550       PxComputeCollisionData     0000000180001550 f   Cooking.obj
 0001:00000580       PxComputeSimulationData    0000000180001580 f   Cooking.obj
 0001:000005b0       PxAssembleDeformableVolumeMesh 00000001800015b0 f   Cooking.obj
 0001:00000600       PxCreateTriangleMeshInternal 0000000180001600 f   Cooking.obj
 0001:000006a0       PxCreateBVHInternal        00000001800016a0 f   Cooking.obj
 0001:00000740       ??$?4V?$PxReflectionAllocator@USlab@NodeAllocator@Gu@physx@@@physx@@@?$PxArray@USlab@NodeAllocator@Gu@physx@@V?$PxReflectionAllocator@USlab@NodeAllocator@Gu@physx@@@4@@physx@@QEAAAEAV01@AEBV01@@Z 0000000180001740 f i Cooking.obj
 0001:000007d0       ??$PX_UNUSED@PEAI@@YAXAEBQEAI@Z 00000001800017d0 f i Cooking.obj
 0001:000007e0       ??$copy@V?$PxReflectionAllocator@USlab@NodeAllocator@Gu@physx@@@physx@@@?$PxArray@USlab@NodeAllocator@Gu@physx@@V?$PxReflectionAllocator@USlab@NodeAllocator@Gu@physx@@@4@@physx@@IEAAXAEBV01@@Z 00000001800017e0 f i Cooking.obj
 0001:000008a0       ??0?$PxArray@USlab@NodeAllocator@Gu@physx@@V?$PxReflectionAllocator@USlab@NodeAllocator@Gu@physx@@@4@@physx@@QEAA@AEBV01@AEBV?$PxReflectionAllocator@USlab@NodeAllocator@Gu@physx@@@1@@Z 00000001800018a0 f i Cooking.obj
 0001:000008e0       ??0?$PxReflectionAllocator@USlab@NodeAllocator@Gu@physx@@@physx@@QEAA@AEBV01@@Z 00000001800018e0 f i Cooking.obj
 0001:000008f0       ??0?$PxReflectionAllocator@USlab@NodeAllocator@Gu@physx@@@physx@@QEAA@PEBD@Z 00000001800018f0 f i Cooking.obj
 0001:00000900       ??0?$PxReflectionAllocator@VBV4TriangleMesh@Gu@physx@@@physx@@QEAA@PEBD@Z 0000000180001900 f i Cooking.obj
 0001:00000910       ??0?$PxReflectionAllocator@VBVH@Gu@physx@@@physx@@QEAA@PEBD@Z 0000000180001910 f i Cooking.obj
 0001:00000920       ??0?$PxVec3T@M@physx@@QEAA@XZ 0000000180001920 f i Cooking.obj
 0001:00000930       ??0AABBTreeBounds@Gu@physx@@QEAA@XZ 0000000180001930 f i Cooking.obj
 0001:00000960       ??0AABBTreeBuildNode@Gu@physx@@QEAA@AEBV012@@Z 0000000180001960 f i Cooking.obj
 0001:000009c0       ??0AABBTreeBuildNode@Gu@physx@@QEAA@XZ 00000001800019c0 f i Cooking.obj
 0001:000009e0       ??0AABBTreeBuildParams@Gu@physx@@QEAA@IIPEBVAABBTreeBounds@12@W4BVHBuildStrategy@12@@Z 00000001800019e0 f i Cooking.obj
 0001:00000a40       ??0NodeAllocator@Gu@physx@@QEAA@AEBV012@@Z 0000000180001a40 f i Cooking.obj
 0001:00000ac0       ??0PxAllocator@physx@@QEAA@PEBD@Z 0000000180001ac0 f i Cooking.obj
 0001:00000ad0       ??0PxBounds3@physx@@QEAA@AEBV01@@Z 0000000180001ad0 f i Cooking.obj
 0001:00000b40       ??0PxBounds3@physx@@QEAA@XZ 0000000180001b40 f i Cooking.obj
 0001:00000b80       ??0PxFoundation@physx@@QEAA@AEBV01@@Z 0000000180001b80 f i Cooking.obj
 0001:00000ba0       ??0PxFoundation@physx@@QEAA@XZ 0000000180001ba0 f i Cooking.obj
 0001:00000bc0       ??1AABBTreeBounds@Gu@physx@@QEAA@XZ 0000000180001bc0 f i Cooking.obj
 0001:00000be0       ??1AABBTreeBuildNode@Gu@physx@@QEAA@XZ 0000000180001be0 f i Cooking.obj
 0001:00000bf0       ??1AABBTreeBuildParams@Gu@physx@@QEAA@XZ 0000000180001bf0 f i Cooking.obj
 0001:00000c10       ??1PxFoundation@physx@@MEAA@XZ 0000000180001c10 f i Cooking.obj
 0001:00000c30       ??2@YAPEAX_KPEAX@Z         0000000180001c30 f i Cooking.obj
 0001:00000c40       ??2PxUserAllocated@physx@@SAPEAX_KPEAX@Z 0000000180001c40 f i Cooking.obj
 0001:00000c50       ??4?$PxArray@USlab@NodeAllocator@Gu@physx@@V?$PxReflectionAllocator@USlab@NodeAllocator@Gu@physx@@@4@@physx@@QEAAAEAV01@AEBV01@@Z 0000000180001c50 f i Cooking.obj
 0001:00000c80       ??4?$PxVec3T@M@physx@@QEAAAEAV01@AEBV01@@Z 0000000180001c80 f i Cooking.obj
 0001:00000cd0       ??4AABBTreeBounds@Gu@physx@@QEAAAEAV012@AEBV012@@Z 0000000180001cd0 f i Cooking.obj
 0001:00000d00       ??4AABBTreeBuildNode@Gu@physx@@QEAAAEAV012@AEBV012@@Z 0000000180001d00 f i Cooking.obj
 0001:00000d60       ??4AABBTreeBuildParams@Gu@physx@@QEAAAEAV012@AEBV012@@Z 0000000180001d60 f i Cooking.obj
 0001:00000d90       ??4NodeAllocator@Gu@physx@@QEAAAEAV012@AEBV012@@Z 0000000180001d90 f i Cooking.obj
 0001:00000e00       ??4PxBounds3@physx@@QEAAXAEBV01@@Z 0000000180001e00 f i Cooking.obj
 0001:00000e40       ??4PxFoundation@physx@@QEAAAEAV01@AEBV01@@Z 0000000180001e40 f i Cooking.obj
 0001:00000e50       ??_EPxFoundation@physx@@MEAAPEAXI@Z 0000000180001e50 f i Cooking.obj
 0001:00000ef0       ??_FAABBTreeBuildParams@Gu@physx@@QEAAXXZ 0000000180001ef0 f i Cooking.obj
 0001:00000f20       ??_GPxFoundation@physx@@MEAAPEAXI@Z 0000000180001f20 f i Cooking.obj
 0001:00000f60       ??_H@YAXPEAX_K1P6APEAX0@Z@Z 0000000180001f60 f i Cooking.obj
 0001:00000fe0       ??_I@YAXPEAX_K1P6AX0@Z@Z   0000000180001fe0 f i Cooking.obj
 0001:00001070       ?FLoad@aos@physx@@YA?AT__m128@@M@Z 0000000180002070 f i Cooking.obj
 0001:000010a0       ?PxMarkSerializedMemory@physx@@YAXPEAXI@Z 00000001800020a0 f i Cooking.obj
 0001:000010d0       ?PxMemSet@physx@@YAPEAXPEAXHI@Z 00000001800020d0 f i Cooking.obj
 0001:00001120       ?V3Load@aos@physx@@YA?AT__m128@@M@Z 0000000180002120 f i Cooking.obj
 0001:00001160       ?V4Load@aos@physx@@YA?AT__m128@@M@Z 0000000180002160 f i Cooking.obj
 0001:00001190       ?__empty_global_delete@@YAXPEAX@Z 0000000180002190 f i Cooking.obj
 0001:000011a0       ?__empty_global_delete@@YAXPEAX_K@Z 00000001800021a0 f i Cooking.obj
 0001:000011b0       ?__global_array_delete@@YAXPEAX@Z 00000001800021b0 f i Cooking.obj
 0001:000011d0       ?__global_array_delete@@YAXPEAX_K@Z 00000001800021d0 f i Cooking.obj
 0001:00001200       ?__global_delete@@YAXPEAX@Z 0000000180002200 f i Cooking.obj
 0001:00001220       ?__global_delete@@YAXPEAX_K@Z 0000000180002220 f i Cooking.obj
 0001:00001250       ?allocate@?$PxArray@USlab@NodeAllocator@Gu@physx@@V?$PxReflectionAllocator@USlab@NodeAllocator@Gu@physx@@@4@@physx@@IEAAPEAUSlab@NodeAllocator@Gu@2@IPEAI@Z 0000000180002250 f i Cooking.obj
 0001:000012c0       ?allocate@?$PxReflectionAllocator@USlab@NodeAllocator@Gu@physx@@@physx@@SAPEAX_KPEBDHPEAI@Z 00000001800022c0 f i Cooking.obj
 0001:00001340       ?allocate@?$PxReflectionAllocator@VBV4TriangleMesh@Gu@physx@@@physx@@SAPEAX_KPEBDHPEAI@Z 0000000180002340 f i Cooking.obj
 0001:000013c0       ?allocate@?$PxReflectionAllocator@VBVH@Gu@physx@@@physx@@SAPEAX_KPEBDHPEAI@Z 00000001800023c0 f i Cooking.obj
 0001:00001440       ?begin@?$PxArray@USlab@NodeAllocator@Gu@physx@@V?$PxReflectionAllocator@USlab@NodeAllocator@Gu@physx@@@4@@physx@@QEBAPEBUSlab@NodeAllocator@Gu@2@XZ 0000000180002440 f i Cooking.obj
 0001:00001450       ?capacity@?$PxArray@USlab@NodeAllocator@Gu@physx@@V?$PxReflectionAllocator@USlab@NodeAllocator@Gu@physx@@@4@@physx@@QEBAIXZ 0000000180002450 f i Cooking.obj
 0001:00001470       ?clear@?$PxArray@USlab@NodeAllocator@Gu@physx@@V?$PxReflectionAllocator@USlab@NodeAllocator@Gu@physx@@@4@@physx@@QEAAXXZ 0000000180002470 f i Cooking.obj
 0001:000014b0       ?copy@?$PxArray@USlab@NodeAllocator@Gu@physx@@V?$PxReflectionAllocator@USlab@NodeAllocator@Gu@physx@@@4@@physx@@KAXPEAUSlab@NodeAllocator@Gu@2@0PEBU3452@@Z 00000001800024b0 f i Cooking.obj
 0001:00001530       ?deallocate@?$PxArray@USlab@NodeAllocator@Gu@physx@@V?$PxReflectionAllocator@USlab@NodeAllocator@Gu@physx@@@4@@physx@@IEAAXPEAXPEAI@Z 0000000180002530 f i Cooking.obj
 0001:00001560       ?deallocate@?$PxReflectionAllocator@USlab@NodeAllocator@Gu@physx@@@physx@@SAXPEAXPEAI@Z 0000000180002560 f i Cooking.obj
 0001:000015b0       ?deallocate@PxAllocator@physx@@SAXPEAXPEAI@Z 00000001800025b0 f i Cooking.obj
 0001:00001600       ?destroy@?$PxArray@USlab@NodeAllocator@Gu@physx@@V?$PxReflectionAllocator@USlab@NodeAllocator@Gu@physx@@@4@@physx@@KAXPEAUSlab@NodeAllocator@Gu@2@0@Z 0000000180002600 f i Cooking.obj
 0001:00001630       ?empty@?$PxArray@USlab@NodeAllocator@Gu@physx@@V?$PxReflectionAllocator@USlab@NodeAllocator@Gu@physx@@@4@@physx@@QEBA_NXZ 0000000180002630 f i Cooking.obj
 0001:00001660       ?getAABB@AABBTreeBuildNode@Gu@physx@@QEBAAEBVPxBounds3@3@XZ 0000000180002660 f i Cooking.obj
 0001:00001670       ?getBounds@AABBTreeBounds@Gu@physx@@QEAAPEAVPxBounds3@3@XZ 0000000180002670 f i Cooking.obj
 0001:00001680       ?getBounds@AABBTreeBounds@Gu@physx@@QEBAPEBVPxBounds3@3@XZ 0000000180002680 f i Cooking.obj
 0001:00001690       ?getName@?$PxReflectionAllocator@USlab@NodeAllocator@Gu@physx@@@physx@@CAPEBD_N@Z 0000000180002690 f i Cooking.obj
 0001:000016c0       ?getName@?$PxReflectionAllocator@VBV4TriangleMesh@Gu@physx@@@physx@@CAPEBD_N@Z 00000001800026c0 f i Cooking.obj
 0001:000016f0       ?getName@?$PxReflectionAllocator@VBVH@Gu@physx@@@physx@@CAPEBD_N@Z 00000001800026f0 f i Cooking.obj
 0001:00001720       ?getNbPrimitives@AABBTreeBuildNode@Gu@physx@@QEBAIXZ 0000000180002720 f i Cooking.obj
 0001:00001730       ?getNbRuntimePrimitives@AABBTreeBuildNode@Gu@physx@@QEBAIXZ 0000000180002730 f i Cooking.obj
 0001:00001740       ?getNeg@AABBTreeBuildNode@Gu@physx@@QEBAPEBV123@XZ 0000000180002740 f i Cooking.obj
 0001:00001780       ?getPos@AABBTreeBuildNode@Gu@physx@@QEBAPEBV123@XZ 0000000180002780 f i Cooking.obj
 0001:00001790       ?getPrimitives@AABBTreeBuildNode@Gu@physx@@QEAAPEAIPEAI@Z 0000000180002790 f i Cooking.obj
 0001:000017b0       ?getPrimitives@AABBTreeBuildNode@Gu@physx@@QEBAPEBIPEBI@Z 00000001800027b0 f i Cooking.obj
 0001:000017d0       ?grow@?$PxArray@USlab@NodeAllocator@Gu@physx@@V?$PxReflectionAllocator@USlab@NodeAllocator@Gu@physx@@@4@@physx@@IEAAXI@Z 00000001800027d0 f i Cooking.obj
 0001:00001830       ?isInUserMemory@?$PxArray@USlab@NodeAllocator@Gu@physx@@V?$PxReflectionAllocator@USlab@NodeAllocator@Gu@physx@@@4@@physx@@QEBAIXZ 0000000180002830 f i Cooking.obj
 0001:00001850       ?isLeaf@AABBTreeBuildNode@Gu@physx@@QEBA_NXZ 0000000180002850 f i Cooking.obj
 0001:00001890       ?memSet@intrinsics@physx@@YAPEAXPEAXHI@Z 0000000180002890 f i Cooking.obj
 0001:000018c0       ?moveFrom@AABBTreeBounds@Gu@physx@@QEAAXAEAV123@@Z 00000001800028c0 f i Cooking.obj
 0001:000018f0       ?name@type_info@@QEBAPEBDXZ 00000001800028f0 f i Cooking.obj
 0001:00001920       ?ownsMemory@AABBTreeBounds@Gu@physx@@QEBA_NXZ 0000000180002920 f i Cooking.obj
 0001:00001950       ?recreate@?$PxArray@USlab@NodeAllocator@Gu@physx@@V?$PxReflectionAllocator@USlab@NodeAllocator@Gu@physx@@@4@@physx@@IEAAXI@Z 0000000180002950 f i Cooking.obj
 0001:00001a60       ?reserve@?$PxArray@USlab@NodeAllocator@Gu@physx@@V?$PxReflectionAllocator@USlab@NodeAllocator@Gu@physx@@@4@@physx@@QEAAXI@Z 0000000180002a60 f i Cooking.obj
 0001:00001a90       ?reset@AABBTreeBuildParams@Gu@physx@@QEAAXXZ 0000000180002a90 f i Cooking.obj
 0001:00001b00       ?setBounds@AABBTreeBounds@Gu@physx@@QEAAXPEAVPxBounds3@3@@Z 0000000180002b00 f i Cooking.obj
 0001:00001b30       ?setNbRunTimePrimitives@AABBTreeBuildNode@Gu@physx@@QEAAXI@Z 0000000180002b30 f i Cooking.obj
 0001:00001b50       ?size@?$PxArray@USlab@NodeAllocator@Gu@physx@@V?$PxReflectionAllocator@USlab@NodeAllocator@Gu@physx@@@4@@physx@@QEBAIXZ 0000000180002b50 f i Cooking.obj
 0001:00001b60       ?takeOwnership@AABBTreeBounds@Gu@physx@@QEAAXXZ 0000000180002b60 f i Cooking.obj
 0001:00001b80       PxSetPhysXCookingDelayLoadHook 0000000180002b80 f   WindowsCookingDelayLoadHook.obj
 0001:00001ba0       ?cookingDelayHook@@YAP6A_JXZIPEAUDelayLoadInfo@@@Z 0000000180002ba0 f   WindowsCookingDelayLoadHook.obj
 0001:00001c20       ?loadLibrary@Cm@physx@@YAPEAUHINSTANCE__@@PEBD@Z 0000000180002c20 f i WindowsCookingDelayLoadHook.obj
 0001:00001c40       ?physXCommonDliNotePreLoadLibrary@Cm@physx@@YAP6A_JXZPEBDPEBVPxDelayLoadHook@2@@Z 0000000180002c40 f i WindowsCookingDelayLoadHook.obj
 0001:00001ccb       __imp_load_getInsertionCallback 0000000180002ccb f   PhysXCommon_64:PhysXCommon_64.dll
 0001:00001cd7       getInsertionCallback       0000000180002cd7 f   PhysXCommon_64:PhysXCommon_64.dll
 0001:00001cdd       __tailMerge_physxcommon_64_dll 0000000180002cdd     PhysXCommon_64:PhysXCommon_64.dll
 0001:00001d56       __imp_load_cookBVH         0000000180002d56 f   PhysXCommon_64:PhysXCommon_64.dll
 0001:00001d62       cookBVH                    0000000180002d62 f   PhysXCommon_64:PhysXCommon_64.dll
 0001:00001d68       __imp_load_createBVH       0000000180002d68 f   PhysXCommon_64:PhysXCommon_64.dll
 0001:00001d74       createBVH                  0000000180002d74 f   PhysXCommon_64:PhysXCommon_64.dll
 0001:00001d7a       __imp_load_cookHeightField 0000000180002d7a f   PhysXCommon_64:PhysXCommon_64.dll
 0001:00001d86       cookHeightField            0000000180002d86 f   PhysXCommon_64:PhysXCommon_64.dll
 0001:00001d8c       __imp_load_createHeightField 0000000180002d8c f   PhysXCommon_64:PhysXCommon_64.dll
 0001:00001d98       createHeightField          0000000180002d98 f   PhysXCommon_64:PhysXCommon_64.dll
 0001:00001d9e       __imp_load_cookConvexMesh  0000000180002d9e f   PhysXCommon_64:PhysXCommon_64.dll
 0001:00001daa       cookConvexMesh             0000000180002daa f   PhysXCommon_64:PhysXCommon_64.dll
 0001:00001db0       __imp_load_createConvexMesh 0000000180002db0 f   PhysXCommon_64:PhysXCommon_64.dll
 0001:00001dbc       createConvexMesh           0000000180002dbc f   PhysXCommon_64:PhysXCommon_64.dll
 0001:00001dc2       __imp_load_validateConvexMesh 0000000180002dc2 f   PhysXCommon_64:PhysXCommon_64.dll
 0001:00001dce       validateConvexMesh         0000000180002dce f   PhysXCommon_64:PhysXCommon_64.dll
 0001:00001dd4       __imp_load_computeHullPolygons 0000000180002dd4 f   PhysXCommon_64:PhysXCommon_64.dll
 0001:00001de0       computeHullPolygons        0000000180002de0 f   PhysXCommon_64:PhysXCommon_64.dll
 0001:00001de6       __imp_load_validateTriangleMesh 0000000180002de6 f   PhysXCommon_64:PhysXCommon_64.dll
 0001:00001df2       validateTriangleMesh       0000000180002df2 f   PhysXCommon_64:PhysXCommon_64.dll
 0001:00001df8       __imp_load_createTriangleMesh 0000000180002df8 f   PhysXCommon_64:PhysXCommon_64.dll
 0001:00001e04       createTriangleMesh         0000000180002e04 f   PhysXCommon_64:PhysXCommon_64.dll
 0001:00001e0a       __imp_load_cookTriangleMesh 0000000180002e0a f   PhysXCommon_64:PhysXCommon_64.dll
 0001:00001e16       cookTriangleMesh           0000000180002e16 f   PhysXCommon_64:PhysXCommon_64.dll
 0001:00001e1c       __imp_load_cookTetrahedronMesh 0000000180002e1c f   PhysXCommon_64:PhysXCommon_64.dll
 0001:00001e28       cookTetrahedronMesh        0000000180002e28 f   PhysXCommon_64:PhysXCommon_64.dll
 0001:00001e2e       __imp_load_createTetrahedronMesh 0000000180002e2e f   PhysXCommon_64:PhysXCommon_64.dll
 0001:00001e3a       createTetrahedronMesh      0000000180002e3a f   PhysXCommon_64:PhysXCommon_64.dll
 0001:00001e40       __imp_load_cookDeformableVolumeMesh 0000000180002e40 f   PhysXCommon_64:PhysXCommon_64.dll
 0001:00001e4c       cookDeformableVolumeMesh   0000000180002e4c f   PhysXCommon_64:PhysXCommon_64.dll
 0001:00001e52       __imp_load_createDeformableVolumeMesh 0000000180002e52 f   PhysXCommon_64:PhysXCommon_64.dll
 0001:00001e5e       createDeformableVolumeMesh 0000000180002e5e f   PhysXCommon_64:PhysXCommon_64.dll
 0001:00001e64       __imp_load_computeModelsMapping 0000000180002e64 f   PhysXCommon_64:PhysXCommon_64.dll
 0001:00001e70       computeModelsMapping       0000000180002e70 f   PhysXCommon_64:PhysXCommon_64.dll
 0001:00001e76       __imp_load_computeCollisionData 0000000180002e76 f   PhysXCommon_64:PhysXCommon_64.dll
 0001:00001e82       computeCollisionData       0000000180002e82 f   PhysXCommon_64:PhysXCommon_64.dll
 0001:00001e88       __imp_load_computeSimulationData 0000000180002e88 f   PhysXCommon_64:PhysXCommon_64.dll
 0001:00001e94       computeSimulationData      0000000180002e94 f   PhysXCommon_64:PhysXCommon_64.dll
 0001:00001e9a       __imp_load_assembleDeformableVolumeMesh 0000000180002e9a f   PhysXCommon_64:PhysXCommon_64.dll
 0001:00001ea6       assembleDeformableVolumeMesh 0000000180002ea6 f   PhysXCommon_64:PhysXCommon_64.dll
 0001:00001eac       __imp_load_?release@AABBTreeBounds@Gu@physx@@QEAAXXZ 0000000180002eac f   PhysXCommon_64:PhysXCommon_64.dll
 0001:00001eb8       ?release@AABBTreeBounds@Gu@physx@@QEAAXXZ 0000000180002eb8 f   PhysXCommon_64:PhysXCommon_64.dll
 0001:00001ebe       __imp_load_??0BVH@Gu@physx@@QEAA@AEBUPxBVHInternalData@2@@Z 0000000180002ebe f   PhysXCommon_64:PhysXCommon_64.dll
 0001:00001eca       ??0BVH@Gu@physx@@QEAA@AEBUPxBVHInternalData@2@@Z 0000000180002eca f   PhysXCommon_64:PhysXCommon_64.dll
 0001:00001ed0       __imp_load_??0BV4TriangleMesh@Gu@physx@@QEAA@AEBUPxTriangleMeshInternalData@2@@Z 0000000180002ed0 f   PhysXCommon_64:PhysXCommon_64.dll
 0001:00001edc       ??0BV4TriangleMesh@Gu@physx@@QEAA@AEBUPxTriangleMeshInternalData@2@@Z 0000000180002edc f   PhysXCommon_64:PhysXCommon_64.dll
 0001:00001ee2       __imp_load_?PxAssert@physx@@YAXPEBD0HAEA_N@Z 0000000180002ee2 f   PhysXFoundation_64:PhysXFoundation_64.dll
 0001:00001eee       ?PxAssert@physx@@YAXPEBD0HAEA_N@Z 0000000180002eee f   PhysXFoundation_64:PhysXFoundation_64.dll
 0001:00001ef4       __tailMerge_physxfoundation_64_dll 0000000180002ef4     PhysXFoundation_64:PhysXFoundation_64.dll
 0001:00001f6d       __imp_load_PxGetBroadcastAllocator 0000000180002f6d f   PhysXFoundation_64:PhysXFoundation_64.dll
 0001:00001f79       PxGetBroadcastAllocator    0000000180002f79 f   PhysXFoundation_64:PhysXFoundation_64.dll
 0001:00001f7f       LoadLibraryA               0000000180002f7f f   kernel32:KERNEL32.dll
 0001:00001f88       ??$PFromRva@PEAP6A_JXZ@@YAPEAP6A_JXZK@Z 0000000180002f88 f i Delayimp:delayhlp.obj
 0001:00001f98       ??$PFromRva@PEAPEAUHINSTANCE__@@@@YAPEAPEAUHINSTANCE__@@K@Z 0000000180002f98 f i Delayimp:delayhlp.obj
 0001:00001fa8       ??$PFromRva@PEAU_IMAGE_IMPORT_BY_NAME@@@@YAPEAU_IMAGE_IMPORT_BY_NAME@@K@Z 0000000180002fa8 f i Delayimp:delayhlp.obj
 0001:00001fb8       ??$PFromRva@PEAU_IMAGE_THUNK_DATA64@@@@YAPEAU_IMAGE_THUNK_DATA64@@K@Z 0000000180002fb8 f i Delayimp:delayhlp.obj
 0001:00001fc8       ??$PFromRva@PEBD@@YAPEBDK@Z 0000000180002fc8 f i Delayimp:delayhlp.obj
 0001:00001fd8       ??$PFromRva@PEBUImgDelayDescr@@@@YAPEBUImgDelayDescr@@K@Z 0000000180002fd8 f i Delayimp:delayhlp.obj
 0001:00001fe8       ??$PFromRva@PEBU_IMAGE_THUNK_DATA64@@@@YAPEBU_IMAGE_THUNK_DATA64@@K@Z 0000000180002fe8 f i Delayimp:delayhlp.obj
 0001:00001ff8       ?CountOfImports@@YAIPEBU_IMAGE_THUNK_DATA64@@@Z 0000000180002ff8 f i Delayimp:delayhlp.obj
 0001:0000200c       ?DloadAcquireSectionWriteAccess@@YAXXZ 000000018000300c f i Delayimp:delayhlp.obj
 0001:000020b8       ?DloadGetSRWLockFunctionPointers@@YAEXZ 00000001800030b8 f i Delayimp:delayhlp.obj
 0001:00002154       ?DloadLock@@YAXXZ          0000000180003154 f i Delayimp:delayhlp.obj
 0001:0000219c       ?DloadMakePermanentImageCommit@@YAXPEAX_K@Z 000000018000319c f i Delayimp:delayhlp.obj
 0001:00002234       ?DloadObtainSection@@YAPEAXPEAK0@Z 0000000180003234 f i Delayimp:delayhlp.obj
 0001:000022d0       ?DloadProtectSection@@YAXKPEAK@Z 00000001800032d0 f i Delayimp:delayhlp.obj
 0001:00002360       ?DloadReleaseSectionWriteAccess@@YAXXZ 0000000180003360 f i Delayimp:delayhlp.obj
 0001:000023f4       ?DloadUnlock@@YAXXZ        00000001800033f4 f i Delayimp:delayhlp.obj
 0001:00002434       ?IndexFromPImgThunkData@@YAIPEBU_IMAGE_THUNK_DATA64@@0@Z 0000000180003434 f i Delayimp:delayhlp.obj
 0001:0000257c       HRESULT_FROM_WIN32         000000018000357c f i Delayimp:delayhlp.obj
 0001:0000258c       ReadAcquire64              000000018000358c f i Delayimp:delayhlp.obj
 0001:00002590       ReadPointerAcquire         0000000180003590 f i Delayimp:delayhlp.obj
 0001:00002594       WritePointerRelease        0000000180003594 f i Delayimp:delayhlp.obj
 0001:00002598       WriteRelease64             0000000180003598 f i Delayimp:delayhlp.obj
 0001:0000259c       __FUnloadDelayLoadedDLL2   000000018000359c f   Delayimp:delayhlp.obj
 0001:00002658       __HrLoadAllImportsForDll   0000000180003658 f   Delayimp:delayhlp.obj
 0001:000026cc       __delayLoadHelper2         00000001800036cc f   Delayimp:delayhlp.obj
 0001:000029a0       ??3@YAXPEAX@Z              00000001800039a0 f   MSVCRTD:delete_scalar.obj
 0001:000029c0       ??3@YAXPEAX_K@Z            00000001800039c0 f   MSVCRTD:delete_scalar_size.obj
 0001:000029e0       ??_V@YAXPEAX@Z             00000001800039e0 f   MSVCRTD:delete_array.obj
 0001:00002a00       ??_V@YAXPEAX_K@Z           0000000180003a00 f   MSVCRTD:delete_array_size.obj
 0001:00002a20       _CRT_RTC_INIT              0000000180003a20 f   MSVCRTD:init.obj
 0001:00002a30       _CRT_RTC_INITW             0000000180003a30 f   MSVCRTD:init.obj
 0001:00002a40       _RTC_InitBase              0000000180003a40 f   MSVCRTD:init.obj
 0001:00002a80       _RTC_Shutdown              0000000180003a80 f   MSVCRTD:init.obj
 0001:00002ab0       ??1type_info@@UEAA@XZ      0000000180003ab0 f   MSVCRTD:std_type_info_static.obj
 0001:00002ad0       ??_Gtype_info@@UEAAPEAXI@Z 0000000180003ad0 f i MSVCRTD:std_type_info_static.obj
 0001:00002ad0       ??_Etype_info@@UEAAPEAXI@Z 0000000180003ad0 f i MSVCRTD:std_type_info_static.obj
 0001:00002b10       ?__scrt_initialize_type_info@@YAXXZ 0000000180003b10 f   MSVCRTD:tncleanup.obj
 0001:00002b30       ?__scrt_uninitialize_type_info@@YAXXZ 0000000180003b30 f   MSVCRTD:tncleanup.obj
 0001:00002f60       _CRT_INIT                  0000000180003f60 f   MSVCRTD:dll_dllmain.obj
 0001:00002f90       _DllMainCRTStartup         0000000180003f90 f   MSVCRTD:dll_dllmain.obj
 0001:00002fd0       _guard_check_icall_nop     0000000180003fd0 f i MSVCRTD:guard_support.obj
 0001:00002fe0       ReadNoFence64              0000000180003fe0 f i MSVCRTD:guard_support.obj
 0001:00003000       ReadPointerNoFence         0000000180004000 f i MSVCRTD:guard_support.obj
 0001:00003020       __castguard_check_failure_debugbreak 0000000180004020 f i MSVCRTD:guard_support.obj
 0001:00003040       __castguard_check_failure_fastfail 0000000180004040 f i MSVCRTD:guard_support.obj
 0001:00003070       __castguard_check_failure_nop 0000000180004070 f i MSVCRTD:guard_support.obj
 0001:00003080       __castguard_check_failure_os_handled 0000000180004080 f i MSVCRTD:guard_support.obj
 0001:00003140       __castguard_slow_path_check_debugbreak 0000000180004140 f i MSVCRTD:guard_support.obj
 0001:00003180       __castguard_slow_path_check_fastfail 0000000180004180 f i MSVCRTD:guard_support.obj
 0001:000031d0       __castguard_slow_path_check_nop 00000001800041d0 f i MSVCRTD:guard_support.obj
 0001:000031e0       __castguard_slow_path_check_os_handled 00000001800041e0 f i MSVCRTD:guard_support.obj
 0001:000032c0       _guard_icall_checks_enforced 00000001800042c0 f i MSVCRTD:guard_support.obj
 0001:00003300       _guard_rf_checks_enforced  0000000180004300 f i MSVCRTD:guard_support.obj
 0001:00003310       ?_RTC_GetErrorFunc@@YAP6AHHPEBDH00ZZPEBX@Z 0000000180004310 f   MSVCRTD:userapi.obj
 0001:00003320       ?_RTC_GetErrorFuncW@@YAP6AHHPEB_WH00ZZPEBX@Z 0000000180004320 f   MSVCRTD:userapi.obj
 0001:00003330       _RTC_GetErrDesc            0000000180004330 f   MSVCRTD:userapi.obj
 0001:00003350       _RTC_NumErrors             0000000180004350 f   MSVCRTD:userapi.obj
 0001:00003360       _RTC_SetErrorFunc          0000000180004360 f   MSVCRTD:userapi.obj
 0001:00003380       _RTC_SetErrorFuncW         0000000180004380 f   MSVCRTD:userapi.obj
 0001:000033a0       _RTC_SetErrorType          00000001800043a0 f   MSVCRTD:userapi.obj
 0001:00003480       __security_init_cookie     0000000180004480 f   MSVCRTD:gs_support.obj
 0001:00003500       DllMain                    0000000180004500 f   MSVCRTD:dll_dllmain_stub.obj
 0001:00003540       __local_stdio_printf_options 0000000180004540 f i MSVCRTD:default_local_stdio_options.obj
 0001:00003550       __local_stdio_scanf_options 0000000180004550 f i MSVCRTD:default_local_stdio_options.obj
 0001:00003560       __scrt_initialize_default_local_stdio_options 0000000180004560 f   MSVCRTD:default_local_stdio_options.obj
 0001:000035b0       ?configure_argv@__scrt_narrow_argv_policy@@SAHXZ 00000001800045b0 f i MSVCRTD:utility.obj
 0001:000036a0       ?initialize_environment@__scrt_narrow_environment_policy@@SAHXZ 00000001800046a0 f i MSVCRTD:utility.obj
 0001:00003740       NtCurrentTeb               0000000180004740 f i MSVCRTD:utility.obj
 0001:00003750       __scrt_acquire_startup_lock 0000000180004750 f   MSVCRTD:utility.obj
 0001:000037c0       __scrt_dllmain_after_initialize_c 00000001800047c0 f   MSVCRTD:utility.obj
 0001:000037f0       __scrt_dllmain_before_initialize_c 00000001800047f0 f   MSVCRTD:utility.obj
 0001:00003810       __scrt_dllmain_crt_thread_attach 0000000180004810 f   MSVCRTD:utility.obj
 0001:00003840       __scrt_dllmain_crt_thread_detach 0000000180004840 f   MSVCRTD:utility.obj
 0001:00003860       __scrt_dllmain_exception_filter 0000000180004860 f   MSVCRTD:utility.obj
 0001:000038d0       __scrt_dllmain_uninitialize_c 00000001800048d0 f   MSVCRTD:utility.obj
 0001:00003900       __scrt_dllmain_uninitialize_critical 0000000180004900 f   MSVCRTD:utility.obj
 0001:00003920       __scrt_initialize_crt      0000000180004920 f   MSVCRTD:utility.obj
 0001:00003970       __scrt_initialize_onexit_tables 0000000180004970 f   MSVCRTD:utility.obj
 0001:00003a80       __scrt_is_nonwritable_in_current_image 0000000180004a80 f   MSVCRTD:utility.obj
 0001:00003b10       __scrt_release_startup_lock 0000000180004b10 f   MSVCRTD:utility.obj
 0001:00003b40       __scrt_uninitialize_crt    0000000180004b40 f   MSVCRTD:utility.obj
 0001:00003b80       _onexit                    0000000180004b80 f   MSVCRTD:utility.obj
 0001:00003c00       at_quick_exit              0000000180004c00 f   MSVCRTD:utility.obj
 0001:00003c50       atexit                     0000000180004c50 f   MSVCRTD:utility.obj
 0001:00003c90       __scrt_get_dyn_tls_init_callback 0000000180004c90 f   MSVCRTD:dyn_tls_init.obj
 0001:00003ca0       __crt_debugger_hook        0000000180004ca0 f   MSVCRTD:utility_desktop.obj
 0001:00003cb0       __scrt_fastfail            0000000180004cb0 f   MSVCRTD:utility_desktop.obj
 0001:00003e50       __scrt_get_show_window_mode 0000000180004e50 f   MSVCRTD:utility_desktop.obj
 0001:00003eb0       __scrt_initialize_mta      0000000180004eb0 f   MSVCRTD:utility_desktop.obj
 0001:00003ec0       __scrt_initialize_winrt    0000000180004ec0 f   MSVCRTD:utility_desktop.obj
 0001:00003ed0       __scrt_is_managed_app      0000000180004ed0 f   MSVCRTD:utility_desktop.obj
 0001:00003f80       __scrt_set_unhandled_exception_filter 0000000180004f80 f   MSVCRTD:utility_desktop.obj
 0001:00003fa0       __scrt_exe_initialize_mta  0000000180004fa0 f   MSVCRTD:utility_desktop.obj
 0001:00003fa0       __scrt_stub_for_initialize_mta 0000000180004fa0 f   MSVCRTD:utility_desktop.obj
 0001:00003fb0       __scrt_unhandled_exception_filter 0000000180004fb0 f   MSVCRTD:utility_desktop.obj
 0001:00004050       _RTC_Initialize            0000000180005050 f   MSVCRTD:initsect.obj
 0001:000040a0       _RTC_Terminate             00000001800050a0 f   MSVCRTD:initsect.obj
 0001:00004180       ?_RTC_AllocaFailure@@YAXPEAXPEAU_RTC_ALLOCA_NODE@@H@Z 0000000180005180 f   MSVCRTD:error.obj
 0001:000042e0       ?_RTC_Failure@@YAXPEAXH@Z  00000001800052e0 f   MSVCRTD:error.obj
 0001:00004330       ?_RTC_StackFailure@@YAXPEAXPEBD@Z 0000000180005330 f   MSVCRTD:error.obj
 0001:00004760       _RTC_UninitUse             0000000180005760 f   MSVCRTD:error.obj
 0001:00004830       _vsprintf_s_l              0000000180005830 f i MSVCRTD:error.obj
 0001:000048a0       sprintf_s                  00000001800058a0 f i MSVCRTD:error.obj
 0001:000048d0       __isa_available_init       00000001800058d0 f   MSVCRTD:cpu_disp.obj
 0001:00004c70       _get_startup_argv_mode     0000000180005c70 f   MSVCRTD:argv_mode.obj
 0001:00004c80       __scrt_is_ucrt_dll_in_use  0000000180005c80 f   MSVCRTD:ucrt_detection.obj
 0001:000051c0       ?_RTC_GetSrcLine@@YAHPEAEPEA_WKPEAH1K@Z 00000001800061c0 f   MSVCRTD:pdblkup.obj
 0001:00005590       __GSHandlerCheck           0000000180006590 f   MSVCRTD:gshandler.obj
 0001:000055d0       __GSHandlerCheckCommon     00000001800065d0 f   MSVCRTD:gshandler.obj
 0001:000056e0       __security_check_cookie    00000001800066e0 f   MSVCRTD:amdsecgs.obj
 0001:00005700       __raise_securityfailure    0000000180006700 f   MSVCRTD:gs_report.obj
 0001:00005740       __report_gsfailure         0000000180006740 f   MSVCRTD:gs_report.obj
 0001:00005820       __report_rangecheckfailure 0000000180006820 f   MSVCRTD:gs_report.obj
 0001:00005840       __report_securityfailure   0000000180006840 f   MSVCRTD:gs_report.obj
 0001:000058e0       __report_securityfailureEx 00000001800068e0 f   MSVCRTD:gs_report.obj
 0001:00005b42       _purecall                  0000000180006b42 f   vcruntimed:VCRUNTIME140D.dll
 0001:00005b48       memset                     0000000180006b48 f   vcruntimed:VCRUNTIME140D.dll
 0001:00005b4e       __std_type_info_name       0000000180006b4e f   vcruntimed:VCRUNTIME140D.dll
 0001:00005b54       strstr                     0000000180006b54 f   vcruntimed:VCRUNTIME140D.dll
 0001:00005b5a       __std_type_info_destroy_list 0000000180006b5a f   vcruntimed:VCRUNTIME140D.dll
 0001:00005b60       __C_specific_handler       0000000180006b60 f   vcruntimed:VCRUNTIME140D.dll
 0001:00005b66       __current_exception        0000000180006b66 f   vcruntimed:VCRUNTIME140D.dll
 0001:00005b6c       __current_exception_context 0000000180006b6c f   vcruntimed:VCRUNTIME140D.dll
 0001:00005b72       __C_specific_handler_noexcept 0000000180006b72 f   vcruntimed:VCRUNTIME140D.dll
 0001:00005b78       __vcrt_GetModuleFileNameW  0000000180006b78 f   vcruntimed:VCRUNTIME140D.dll
 0001:00005b7e       __vcrt_GetModuleHandleW    0000000180006b7e f   vcruntimed:VCRUNTIME140D.dll
 0001:00005b84       __vcrt_LoadLibraryExW      0000000180006b84 f   vcruntimed:VCRUNTIME140D.dll
 0001:00005b8a       _free_dbg                  0000000180006b8a f   ucrtd:ucrtbased.dll
 0001:00005b90       _CrtDbgReport              0000000180006b90 f   ucrtd:ucrtbased.dll
 0001:00005b96       _CrtDbgReportW             0000000180006b96 f   ucrtd:ucrtbased.dll
 0001:00005b9c       _initterm                  0000000180006b9c f   ucrtd:ucrtbased.dll
 0001:00005ba2       _initterm_e                0000000180006ba2 f   ucrtd:ucrtbased.dll
 0001:00005ba8       _seh_filter_dll            0000000180006ba8 f   ucrtd:ucrtbased.dll
 0001:00005bae       _configure_narrow_argv     0000000180006bae f   ucrtd:ucrtbased.dll
 0001:00005bb4       _initialize_narrow_environment 0000000180006bb4 f   ucrtd:ucrtbased.dll
 0001:00005bba       _initialize_onexit_table   0000000180006bba f   ucrtd:ucrtbased.dll
 0001:00005bc0       _register_onexit_function  0000000180006bc0 f   ucrtd:ucrtbased.dll
 0001:00005bc6       _execute_onexit_table      0000000180006bc6 f   ucrtd:ucrtbased.dll
 0001:00005bcc       _crt_atexit                0000000180006bcc f   ucrtd:ucrtbased.dll
 0001:00005bd2       _crt_at_quick_exit         0000000180006bd2 f   ucrtd:ucrtbased.dll
 0001:00005bd8       _cexit                     0000000180006bd8 f   ucrtd:ucrtbased.dll
 0001:00005bde       terminate                  0000000180006bde f   ucrtd:ucrtbased.dll
 0001:00005be4       strcpy_s                   0000000180006be4 f   ucrtd:ucrtbased.dll
 0001:00005bea       strcat_s                   0000000180006bea f   ucrtd:ucrtbased.dll
 0001:00005bf0       __stdio_common_vsprintf_s  0000000180006bf0 f   ucrtd:ucrtbased.dll
 0001:00005bf6       _wmakepath_s               0000000180006bf6 f   ucrtd:ucrtbased.dll
 0001:00005bfc       _wsplitpath_s              0000000180006bfc f   ucrtd:ucrtbased.dll
 0001:00005c02       wcscpy_s                   0000000180006c02 f   ucrtd:ucrtbased.dll
 0001:00005c08       RaiseException             0000000180006c08 f   kernel32:KERNEL32.dll
 0001:00005c0e       GetLastError               0000000180006c0e f   kernel32:KERNEL32.dll
 0001:00005c14       GetSystemInfo              0000000180006c14 f   kernel32:KERNEL32.dll
 0001:00005c1a       VirtualProtect             0000000180006c1a f   kernel32:KERNEL32.dll
 0001:00005c20       VirtualQuery               0000000180006c20 f   kernel32:KERNEL32.dll
 0001:00005c26       FreeLibrary                0000000180006c26 f   kernel32:KERNEL32.dll
 0001:00005c2c       GetModuleHandleW           0000000180006c2c f   kernel32:KERNEL32.dll
 0001:00005c32       GetProcAddress             0000000180006c32 f   kernel32:KERNEL32.dll
 0001:00005c38       LoadLibraryExA             0000000180006c38 f   kernel32:KERNEL32.dll
 0001:00005c3e       InitializeSListHead        0000000180006c3e f   kernel32:KERNEL32.dll
 0001:00005c44       QueryPerformanceCounter    0000000180006c44 f   kernel32:KERNEL32.dll
 0001:00005c4a       GetCurrentProcessId        0000000180006c4a f   kernel32:KERNEL32.dll
 0001:00005c50       GetCurrentThreadId         0000000180006c50 f   kernel32:KERNEL32.dll
 0001:00005c56       GetSystemTimeAsFileTime    0000000180006c56 f   kernel32:KERNEL32.dll
 0001:00005c5c       DisableThreadLibraryCalls  0000000180006c5c f   kernel32:KERNEL32.dll
 0001:00005c62       RtlCaptureContext          0000000180006c62 f   kernel32:KERNEL32.dll
 0001:00005c68       RtlLookupFunctionEntry     0000000180006c68 f   kernel32:KERNEL32.dll
 0001:00005c6e       RtlVirtualUnwind           0000000180006c6e f   kernel32:KERNEL32.dll
 0001:00005c74       IsDebuggerPresent          0000000180006c74 f   kernel32:KERNEL32.dll
 0001:00005c7a       UnhandledExceptionFilter   0000000180006c7a f   kernel32:KERNEL32.dll
 0001:00005c80       SetUnhandledExceptionFilter 0000000180006c80 f   kernel32:KERNEL32.dll
 0001:00005c86       GetStartupInfoW            0000000180006c86 f   kernel32:KERNEL32.dll
 0001:00005c8c       IsProcessorFeaturePresent  0000000180006c8c f   kernel32:KERNEL32.dll
 0001:00005c92       MultiByteToWideChar        0000000180006c92 f   kernel32:KERNEL32.dll
 0001:00005c98       WideCharToMultiByte        0000000180006c98 f   kernel32:KERNEL32.dll
 0001:00005c9e       HeapAlloc                  0000000180006c9e f   kernel32:KERNEL32.dll
 0001:00005ca4       HeapFree                   0000000180006ca4 f   kernel32:KERNEL32.dll
 0001:00005caa       GetProcessHeap             0000000180006caa f   kernel32:KERNEL32.dll
 0001:00005cb0       GetCurrentProcess          0000000180006cb0 f   kernel32:KERNEL32.dll
 0001:00005cb6       TerminateProcess           0000000180006cb6 f   kernel32:KERNEL32.dll
 0001:00005cc0       __vcrt_initialize          0000000180006cc0 f   MSVCRTD:ucrt_stubs.obj
 0001:00005cc0       __acrt_initialize          0000000180006cc0 f   MSVCRTD:ucrt_stubs.obj
 0001:00005cc0       __scrt_stub_for_acrt_initialize 0000000180006cc0 f   MSVCRTD:ucrt_stubs.obj
 0001:00005cd0       __scrt_stub_for_acrt_thread_attach 0000000180006cd0 f   MSVCRTD:ucrt_stubs.obj
 0001:00005cd0       __acrt_thread_attach       0000000180006cd0 f   MSVCRTD:ucrt_stubs.obj
 0001:00005cd0       __vcrt_thread_attach       0000000180006cd0 f   MSVCRTD:ucrt_stubs.obj
 0001:00005ce0       __vcrt_thread_detach       0000000180006ce0 f   MSVCRTD:ucrt_stubs.obj
 0001:00005ce0       __scrt_stub_for_acrt_thread_detach 0000000180006ce0 f   MSVCRTD:ucrt_stubs.obj
 0001:00005ce0       __acrt_thread_detach       0000000180006ce0 f   MSVCRTD:ucrt_stubs.obj
 0001:00005cf0       __acrt_uninitialize        0000000180006cf0 f   MSVCRTD:ucrt_stubs.obj
 0001:00005cf0       __scrt_stub_for_acrt_uninitialize 0000000180006cf0 f   MSVCRTD:ucrt_stubs.obj
 0001:00005cf0       __vcrt_uninitialize        0000000180006cf0 f   MSVCRTD:ucrt_stubs.obj
 0001:00005d00       __vcrt_uninitialize_critical 0000000180006d00 f   MSVCRTD:ucrt_stubs.obj
 0001:00005d00       __acrt_uninitialize_critical 0000000180006d00 f   MSVCRTD:ucrt_stubs.obj
 0001:00005d00       __scrt_stub_for_acrt_uninitialize_critical 0000000180006d00 f   MSVCRTD:ucrt_stubs.obj
 0001:00005d10       _is_c_termination_complete 0000000180006d10 f   MSVCRTD:ucrt_stubs.obj
 0001:00005d10       __scrt_stub_for_is_c_termination_complete 0000000180006d10 f   MSVCRTD:ucrt_stubs.obj
 0001:00005d30       _guard_dispatch_icall_nop  0000000180006d30 f   MSVCRTD:guard_dispatch.obj
 0001:00005d50       _guard_xfg_dispatch_icall_nop 0000000180006d50 f   MSVCRTD:guard_xfg_dispatch.obj
 0002:00000000       __imp_LoadLibraryA         0000000180007000     kernel32:KERNEL32.dll
 0002:00000008       __imp_GetCurrentProcess    0000000180007008     kernel32:KERNEL32.dll
 0002:00000010       __imp_GetProcessHeap       0000000180007010     kernel32:KERNEL32.dll
 0002:00000018       __imp_HeapFree             0000000180007018     kernel32:KERNEL32.dll
 0002:00000020       __imp_HeapAlloc            0000000180007020     kernel32:KERNEL32.dll
 0002:00000028       __imp_WideCharToMultiByte  0000000180007028     kernel32:KERNEL32.dll
 0002:00000030       __imp_MultiByteToWideChar  0000000180007030     kernel32:KERNEL32.dll
 0002:00000038       __imp_IsProcessorFeaturePresent 0000000180007038     kernel32:KERNEL32.dll
 0002:00000040       __imp_GetStartupInfoW      0000000180007040     kernel32:KERNEL32.dll
 0002:00000048       __imp_SetUnhandledExceptionFilter 0000000180007048     kernel32:KERNEL32.dll
 0002:00000050       __imp_UnhandledExceptionFilter 0000000180007050     kernel32:KERNEL32.dll
 0002:00000058       __imp_IsDebuggerPresent    0000000180007058     kernel32:KERNEL32.dll
 0002:00000060       __imp_RtlVirtualUnwind     0000000180007060     kernel32:KERNEL32.dll
 0002:00000068       __imp_RtlLookupFunctionEntry 0000000180007068     kernel32:KERNEL32.dll
 0002:00000070       __imp_RtlCaptureContext    0000000180007070     kernel32:KERNEL32.dll
 0002:00000078       __imp_DisableThreadLibraryCalls 0000000180007078     kernel32:KERNEL32.dll
 0002:00000080       __imp_GetSystemTimeAsFileTime 0000000180007080     kernel32:KERNEL32.dll
 0002:00000088       __imp_GetCurrentThreadId   0000000180007088     kernel32:KERNEL32.dll
 0002:00000090       __imp_GetCurrentProcessId  0000000180007090     kernel32:KERNEL32.dll
 0002:00000098       __imp_QueryPerformanceCounter 0000000180007098     kernel32:KERNEL32.dll
 0002:000000a0       __imp_InitializeSListHead  00000001800070a0     kernel32:KERNEL32.dll
 0002:000000a8       __imp_LoadLibraryExA       00000001800070a8     kernel32:KERNEL32.dll
 0002:000000b0       __imp_GetProcAddress       00000001800070b0     kernel32:KERNEL32.dll
 0002:000000b8       __imp_GetModuleHandleW     00000001800070b8     kernel32:KERNEL32.dll
 0002:000000c0       __imp_FreeLibrary          00000001800070c0     kernel32:KERNEL32.dll
 0002:000000c8       __imp_VirtualQuery         00000001800070c8     kernel32:KERNEL32.dll
 0002:000000d0       __imp_VirtualProtect       00000001800070d0     kernel32:KERNEL32.dll
 0002:000000d8       __imp_GetSystemInfo        00000001800070d8     kernel32:KERNEL32.dll
 0002:000000e0       __imp_GetLastError         00000001800070e0     kernel32:KERNEL32.dll
 0002:000000e8       __imp_RaiseException       00000001800070e8     kernel32:KERNEL32.dll
 0002:000000f0       __imp_TerminateProcess     00000001800070f0     kernel32:KERNEL32.dll
 0002:000000f8       \177KERNEL32_NULL_THUNK_DATA 00000001800070f8     kernel32:KERNEL32.dll
 0002:00000100       __imp_strstr               0000000180007100     vcruntimed:VCRUNTIME140D.dll
 0002:00000108       __imp___std_type_info_destroy_list 0000000180007108     vcruntimed:VCRUNTIME140D.dll
 0002:00000110       __imp___C_specific_handler 0000000180007110     vcruntimed:VCRUNTIME140D.dll
 0002:00000118       __imp___std_type_info_name 0000000180007118     vcruntimed:VCRUNTIME140D.dll
 0002:00000120       __imp__purecall            0000000180007120     vcruntimed:VCRUNTIME140D.dll
 0002:00000128       __imp___current_exception  0000000180007128     vcruntimed:VCRUNTIME140D.dll
 0002:00000130       __imp___current_exception_context 0000000180007130     vcruntimed:VCRUNTIME140D.dll
 0002:00000138       __imp___C_specific_handler_noexcept 0000000180007138     vcruntimed:VCRUNTIME140D.dll
 0002:00000140       __imp___vcrt_GetModuleFileNameW 0000000180007140     vcruntimed:VCRUNTIME140D.dll
 0002:00000148       __imp___vcrt_GetModuleHandleW 0000000180007148     vcruntimed:VCRUNTIME140D.dll
 0002:00000150       __imp___vcrt_LoadLibraryExW 0000000180007150     vcruntimed:VCRUNTIME140D.dll
 0002:00000158       __imp_memset               0000000180007158     vcruntimed:VCRUNTIME140D.dll
 0002:00000160       \177VCRUNTIME140D_NULL_THUNK_DATA 0000000180007160     vcruntimed:VCRUNTIME140D.dll
 0002:00000168       __imp__configure_narrow_argv 0000000180007168     ucrtd:ucrtbased.dll
 0002:00000170       __imp__seh_filter_dll      0000000180007170     ucrtd:ucrtbased.dll
 0002:00000178       __imp__initialize_onexit_table 0000000180007178     ucrtd:ucrtbased.dll
 0002:00000180       __imp__initterm            0000000180007180     ucrtd:ucrtbased.dll
 0002:00000188       __imp__CrtDbgReportW       0000000180007188     ucrtd:ucrtbased.dll
 0002:00000190       __imp__CrtDbgReport        0000000180007190     ucrtd:ucrtbased.dll
 0002:00000198       __imp__free_dbg            0000000180007198     ucrtd:ucrtbased.dll
 0002:000001a0       __imp__initialize_narrow_environment 00000001800071a0     ucrtd:ucrtbased.dll
 0002:000001a8       __imp__register_onexit_function 00000001800071a8     ucrtd:ucrtbased.dll
 0002:000001b0       __imp__execute_onexit_table 00000001800071b0     ucrtd:ucrtbased.dll
 0002:000001b8       __imp__crt_atexit          00000001800071b8     ucrtd:ucrtbased.dll
 0002:000001c0       __imp__crt_at_quick_exit   00000001800071c0     ucrtd:ucrtbased.dll
 0002:000001c8       __imp__cexit               00000001800071c8     ucrtd:ucrtbased.dll
 0002:000001d0       __imp_terminate            00000001800071d0     ucrtd:ucrtbased.dll
 0002:000001d8       __imp_wcscpy_s             00000001800071d8     ucrtd:ucrtbased.dll
 0002:000001e0       __imp__wsplitpath_s        00000001800071e0     ucrtd:ucrtbased.dll
 0002:000001e8       __imp_strcpy_s             00000001800071e8     ucrtd:ucrtbased.dll
 0002:000001f0       __imp___stdio_common_vsprintf_s 00000001800071f0     ucrtd:ucrtbased.dll
 0002:000001f8       __imp__initterm_e          00000001800071f8     ucrtd:ucrtbased.dll
 0002:00000200       __imp_strcat_s             0000000180007200     ucrtd:ucrtbased.dll
 0002:00000208       __imp__wmakepath_s         0000000180007208     ucrtd:ucrtbased.dll
 0002:00000210       \177ucrtbased_NULL_THUNK_DATA 0000000180007210     ucrtd:ucrtbased.dll
 0002:00000218       __guard_check_icall_fptr   0000000180007218     MSVCRTD:guard_support.obj
 0002:00000220       __guard_xfg_check_icall_fptr 0000000180007220     MSVCRTD:guard_support.obj
 0002:00000228       __guard_dispatch_icall_fptr 0000000180007228     MSVCRTD:guard_support.obj
 0002:00000230       __guard_xfg_dispatch_icall_fptr 0000000180007230     MSVCRTD:guard_support.obj
 0002:00000238       __guard_xfg_table_dispatch_icall_fptr 0000000180007238     MSVCRTD:guard_support.obj
 0002:00000240       __xc_a                     0000000180007240     MSVCRTD:initializers.obj
 0002:00000278       __xc_z                     0000000180007278     MSVCRTD:initializers.obj
 0002:00000280       __xi_a                     0000000180007280     MSVCRTD:initializers.obj
 0002:00000288       __xi_z                     0000000180007288     MSVCRTD:initializers.obj
 0002:00000290       __xp_a                     0000000180007290     MSVCRTD:initializers.obj
 0002:00000298       __xp_z                     0000000180007298     MSVCRTD:initializers.obj
 0002:000002a0       __xt_a                     00000001800072a0     MSVCRTD:initializers.obj
 0002:000002a8       __xt_z                     00000001800072a8     MSVCRTD:initializers.obj
 0002:000002b0       ?g_PXSinCoefficients0@aos@physx@@3UPX_VECTORF32@12@B 00000001800072b0     Cooking.obj
 0002:000002c0       ?g_PXSinCoefficients1@aos@physx@@3UPX_VECTORF32@12@B 00000001800072c0     Cooking.obj
 0002:000002d0       ?g_PXSinCoefficients2@aos@physx@@3UPX_VECTORF32@12@B 00000001800072d0     Cooking.obj
 0002:000002e0       ?g_PXCosCoefficients0@aos@physx@@3UPX_VECTORF32@12@B 00000001800072e0     Cooking.obj
 0002:000002f0       ?g_PXCosCoefficients1@aos@physx@@3UPX_VECTORF32@12@B 00000001800072f0     Cooking.obj
 0002:00000300       ?g_PXCosCoefficients2@aos@physx@@3UPX_VECTORF32@12@B 0000000180007300     Cooking.obj
 0002:00000310       ?g_PXReciprocalTwoPi@aos@physx@@3UPX_VECTORF32@12@B 0000000180007310     Cooking.obj
 0002:00000320       ?g_PXTwoPi@aos@physx@@3UPX_VECTORF32@12@B 0000000180007320     Cooking.obj
 0002:00000350       ??_7PxFoundation@physx@@6B@ 0000000180007350     Cooking.obj
 0002:000003c0       ??_C@_0EP@EHNDNLFF@E?3?2Userfiles?2Desktop?2PhysX_New?2@ 00000001800073c0     Cooking.obj
 0002:00000410       ??_C@_0BM@OIFKLHDN@?$DMallocation?5names?5disabled?$DO@ 0000000180007410     Cooking.obj
 0002:00000430       ??_C@_0EI@JCLPKHHD@E?3?2Userfiles?2Desktop?2PhysX_New?2@ 0000000180007430     Cooking.obj
 0002:00000478       ??_C@_0BM@BMFMDKFG@this?9?$DOcapacity?$CI?$CJ?5?$DM?5capacity@ 0000000180007478     Cooking.obj
 0002:00000498       ??_C@_0CP@CPGGIPKL@?$CI?$CBcapacity?$CJ?5?$HM?$HM?5?$CInewData?5?$CG?$CG?5?$CInew@ 0000000180007498     Cooking.obj
 0002:000004c8       __real@3a83126f            00000001800074c8     Cooking.obj
 0002:000004cc       __real@ba83126f            00000001800074cc     Cooking.obj
 0002:000004d0       ??_C@_0BA@EGLNOO@PhysXFoundation@ 00000001800074d0     WindowsCookingDelayLoadHook.obj
 0002:000004e0       ??_C@_0M@ILKNCJKN@PhysXCommon@ 00000001800074e0     WindowsCookingDelayLoadHook.obj
 0002:000004f0       __sz_PhysXCommon_64_dll    00000001800074f0     PhysXCommon_64:PhysXCommon_64.dll
 0002:00000510       __sz_PhysXFoundation_64_dll 0000000180007510     PhysXFoundation_64:PhysXFoundation_64.dll
 0002:00000528       ??_C@_1BK@DBDEIDLH@?$AAK?$AAE?$AAR?$AAN?$AAE?$AAL?$AA3?$AA2?$AA?4?$AAD?$AAL?$AAL@ 0000000180007528     Delayimp:delayhlp.obj
 0002:00000548       ??_C@_0BI@OMNLIJDB@AcquireSRWLockExclusive@ 0000000180007548     Delayimp:delayhlp.obj
 0002:00000560       ??_C@_0BI@HMIEPCNJ@ReleaseSRWLockExclusive@ 0000000180007560     Delayimp:delayhlp.obj
 0002:00000578       __pfnDliFailureHook2       0000000180007578     Delayimp:delayhk1.obj
 0002:00000588       ??_7type_info@@6B@         0000000180007588     MSVCRTD:std_type_info_static.obj
 0002:00000590       _pRawDllMain               0000000180007590     MSVCRTD:dll_dllmain.obj
 0002:00000590       _pDefaultRawDllMain        0000000180007590     MSVCRTD:dll_dllmain.obj
 0002:000005a0       _load_config_used          00000001800075a0     MSVCRTD:loadcfg.obj
 0002:00000700       ??_C@_0BJ@HEGAHDFO@Stack?5pointer?5corruption@ 0000000180007700     MSVCRTD:userapi.obj
 0002:00000720       ??_C@_0CK@FEGOIOPB@Cast?5to?5smaller?5type?5causing?5lo@ 0000000180007720     MSVCRTD:userapi.obj
 0002:00000750       ??_C@_0BI@CIGMDCBH@Stack?5memory?5corruption@ 0000000180007750     MSVCRTD:userapi.obj
 0002:00000768       ??_C@_0CK@CNLNOEPB@Local?5variable?5used?5before?5init@ 0000000180007768     MSVCRTD:userapi.obj
 0002:00000798       ??_C@_0BP@OGBCLIBO@Stack?5around?5_alloca?5corrupted@ 0000000180007798     MSVCRTD:userapi.obj
 0002:00000880       ??_C@_0NN@JMPELKLB@The?5value?5of?5ESP?5was?5not?5proper@ 0000000180007880     MSVCRTD:error.obj
 0002:00000960       ??_C@_0BBN@ELNNILBE@A?5cast?5to?5a?5smaller?5data?5type?5h@ 0000000180007960     MSVCRTD:error.obj
 0002:00000a80       ??_C@_0BN@BPOGFMJL@Stack?5memory?5was?5corrupted?$AN?6@ 0000000180007a80     MSVCRTD:error.obj
 0002:00000aa0       ??_C@_0DG@DAJCDLPN@A?5local?5variable?5was?5used?5befor@ 0000000180007aa0     MSVCRTD:error.obj
 0002:00000ad8       ??_C@_0CM@JMIDGKLA@Stack?5memory?5around?5_alloca?5was@ 0000000180007ad8     MSVCRTD:error.obj
 0002:00000b08       ??_C@_0BO@CHIONIOI@Unknown?5Runtime?5Check?5Error?$AN?6@ 0000000180007b08     MSVCRTD:error.obj
 0002:00000b30       ??_C@_1GM@CNOOJIHC@?$AAR?$AAu?$AAn?$AAt?$AAi?$AAm?$AAe?$AA?5?$AAC?$AAh?$AAe?$AAc?$AAk?$AA?5?$AAE@ 0000000180007b30     MSVCRTD:error.obj
 0002:00000ba0       ??_C@_1EA@NFKNIFJP@?$AAR?$AAu?$AAn?$AA?9?$AAT?$AAi?$AAm?$AAe?$AA?5?$AAC?$AAh?$AAe?$AAc?$AAk?$AA?5@ 0000000180007ba0     MSVCRTD:error.obj
 0002:00000be0       ??_C@_0BB@PFFGGCJP@Unknown?5Filename@ 0000000180007be0     MSVCRTD:error.obj
 0002:00000bf8       ??_C@_0BE@GNBOBNCK@Unknown?5Module?5Name@ 0000000180007bf8     MSVCRTD:error.obj
 0002:00000c10       ??_C@_0CA@IODNCDPG@Run?9Time?5Check?5Failure?5?$CD?$CFd?5?9?5?$CFs@ 0000000180007c10     MSVCRTD:error.obj
 0002:00000c30       ??_C@_0CG@IAFNJNEE@Stack?5corrupted?5near?5unknown?5va@ 0000000180007c30     MSVCRTD:error.obj
 0002:00000c58       ??_C@_05MKKEDADM@?$CF?42X?5@ 0000000180007c58     MSVCRTD:error.obj
 0002:00000c60       ??_C@_0EJ@LJKNEOLN@Stack?5area?5around?5_alloca?5memor@ 0000000180007c60     MSVCRTD:error.obj
 0002:00000cac       ??_C@_01EEMJAFIK@?6@       0000000180007cac     MSVCRTD:error.obj
 0002:00000cb0       ??_C@_02LLMPMKNF@?$DO?5@   0000000180007cb0     MSVCRTD:error.obj
 0002:00000cb8       ??_C@_08OMAHNMHJ@?6Data?3?5?$DM@ 0000000180007cb8     MSVCRTD:error.obj
 0002:00000cc8       ??_C@_0CK@DKGBICFE@?6Allocation?5number?5within?5this?5@ 0000000180007cc8     MSVCRTD:error.obj
 0002:00000cf8       ??_C@_07DFDJCKFN@?6Size?3?5@ 0000000180007cf8     MSVCRTD:error.obj
 0002:00000d00       ??_C@_0N@MHFFIMFG@?6Address?3?50x@ 0000000180007d00     MSVCRTD:error.obj
 0002:00000d10       ??_C@_0EI@CLEPFNGI@Stack?5area?5around?5_alloca?5memor@ 0000000180007d10     MSVCRTD:error.obj
 0002:00000d58       ??_C@_0BK@ODNDAGKB@?$CFs?$CFs?$CFp?$CFs?$CFzd?$CFs?$CFd?$CFs?$CFs?$CFs?$CFs?$CFs@ 0000000180007d58     MSVCRTD:error.obj
 0002:00000d78       ??_C@_0DE@OHJBPMBP@A?5variable?5is?5being?5used?5withou@ 0000000180007d78     MSVCRTD:error.obj
 0002:00000e10       ??_C@_1EI@MLPKHBGE@?$AAa?$AAp?$AAi?$AA?9?$AAm?$AAs?$AA?9?$AAw?$AAi?$AAn?$AA?9?$AAc?$AAo?$AAr?$AAe@ 0000000180007e10     MSVCRTD:pdblkup.obj
 0002:00000e58       ??_C@_1BK@JHLNAEJL@?$AAa?$AAd?$AAv?$AAa?$AAp?$AAi?$AA3?$AA2?$AA?4?$AAd?$AAl?$AAl@ 0000000180007e58     MSVCRTD:pdblkup.obj
 0002:00000e78       ??_C@_0O@COHOBMLB@RegOpenKeyExW@ 0000000180007e78     MSVCRTD:pdblkup.obj
 0002:00000e88       ??_C@_0BB@GLNAEDBD@RegQueryValueExW@ 0000000180007e88     MSVCRTD:pdblkup.obj
 0002:00000ea0       ??_C@_0M@HLOHPNFA@RegCloseKey@ 0000000180007ea0     MSVCRTD:pdblkup.obj
 0002:00000eb0       ??_C@_1HE@EBEAGLFB@?$AAS?$AAO?$AAF?$AAT?$AAW?$AAA?$AAR?$AAE?$AA?2?$AAW?$AAo?$AAw?$AA6?$AA4?$AA3@ 0000000180007eb0     MSVCRTD:pdblkup.obj
 0002:00000f28       ??_C@_1BG@EABPBLLF@?$AAP?$AAr?$AAo?$AAd?$AAu?$AAc?$AAt?$AAD?$AAi?$AAr@ 0000000180007f28     MSVCRTD:pdblkup.obj
 0002:00000f60       ??_C@_1BC@JINFINNJ@?$AAM?$AAS?$AAP?$AAD?$AAB?$AA1?$AA4?$AA0@ 0000000180007f60     MSVCRTD:pdblkup.obj
 0002:00000f78       ??_C@_0BB@KCIACLNC@PDBOpenValidate5@ 0000000180007f78     MSVCRTD:pdblkup.obj
 0002:00000f8c       ??_C@_01KDCPPGHE@r@        0000000180007f8c     MSVCRTD:pdblkup.obj
 0002:00001000       __CastGuardVftablesStart   0000000180008000     MSVCRTD:guard_support.obj
 0002:00001008       __CastGuardVftablesEnd     0000000180008008     MSVCRTD:guard_support.obj
 0002:00001010       ??_R4type_info@@6B@        0000000180008010     MSVCRTD:std_type_info_static.obj
 0002:00001038       ??_R3type_info@@8          0000000180008038     MSVCRTD:std_type_info_static.obj
 0002:00001050       ??_R2type_info@@8          0000000180008050     MSVCRTD:std_type_info_static.obj
 0002:00001060       ??_R1A@?0A@EA@type_info@@8 0000000180008060     MSVCRTD:std_type_info_static.obj
 0002:00001084       __volatile_metadata        0000000180008084     <linker-defined>
 0002:000014d0       __rtc_iaa                  00000001800084d0     MSVCRTD:initsect.obj
 0002:000014e8       __rtc_izz                  00000001800084e8     MSVCRTD:initsect.obj
 0002:000014f0       __rtc_taa                  00000001800084f0     MSVCRTD:initsect.obj
 0002:00001508       __rtc_tzz                  0000000180008508     MSVCRTD:initsect.obj
 0002:00001ce4       __DELAY_IMPORT_DESCRIPTOR_physxcommon_64_dll 0000000180008ce4     PhysXCommon_64:PhysXCommon_64.dll
 0002:00001d04       __DELAY_IMPORT_DESCRIPTOR_physxfoundation_64_dll 0000000180008d04     PhysXFoundation_64:PhysXFoundation_64.dll
 0002:00001d24       __NULL_DELAY_IMPORT_DESCRIPTOR 0000000180008d24     PhysXCommon_64:PhysXCommon_64.dll
 0002:00001e00       \177PhysXCommon_64_NULL_THUNK_DATA_DLN 0000000180008e00     PhysXCommon_64:PhysXCommon_64.dll
 0002:00001e18       \177PhysXFoundation_64_NULL_THUNK_DATA_DLN 0000000180008e18     PhysXFoundation_64:PhysXFoundation_64.dll
 0002:000020c8       \177PhysXCommon_64_NULL_THUNK_DATA_DLB 00000001800090c8     PhysXCommon_64:PhysXCommon_64.dll
 0002:00002188       \177PhysXFoundation_64_NULL_THUNK_DATA_DLB 0000000180009188     PhysXFoundation_64:PhysXFoundation_64.dll
 0002:00002c98       __IMPORT_DESCRIPTOR_KERNEL32 0000000180009c98     kernel32:KERNEL32.dll
 0002:00002cac       __IMPORT_DESCRIPTOR_VCRUNTIME140D 0000000180009cac     vcruntimed:VCRUNTIME140D.dll
 0002:00002cc0       __IMPORT_DESCRIPTOR_ucrtbased 0000000180009cc0     ucrtd:ucrtbased.dll
 0002:00002cd4       __NULL_IMPORT_DESCRIPTOR   0000000180009cd4     kernel32:KERNEL32.dll
 0003:00000000       __pfnDliNotifyHook2        000000018000b000     WindowsCookingDelayLoadHook.obj
 0003:00000008       _fltused                   000000018000b008     MSVCRTD:fltused.obj
 0003:0000000c       __scrt_native_dllmain_reason 000000018000b00c     MSVCRTD:utility.obj
 0003:00000010       __security_cookie_complement 000000018000b010     MSVCRTD:gs_cookie.obj
 0003:00000018       __security_cookie          000000018000b018     MSVCRTD:gs_cookie.obj
 0003:00000020       ?_RTC_ErrorLevels@@3PAHA   000000018000b020     MSVCRTD:error.obj
 0003:00000038       __isa_available            000000018000b038     MSVCRTD:cpu_disp.obj
 0003:0000003c       __isa_enabled              000000018000b03c     MSVCRTD:cpu_disp.obj
 0003:00000040       __memcpy_nt_iters          000000018000b040     MSVCRTD:cpu_disp.obj
 0003:00000048       __memset_nt_iters          000000018000b048     MSVCRTD:cpu_disp.obj
 0003:00000050       __scrt_ucrt_dll_is_in_use  000000018000b050     MSVCRTD:ucrt_stubs.obj
 0003:00000058       ??_R0?AVBVH@Gu@physx@@@8   000000018000b058     Cooking.obj
 0003:00000080       ??_R0?AVBV4TriangleMesh@Gu@physx@@@8 000000018000b080     Cooking.obj
 0003:000000b0       ??_R0?AUSlab@NodeAllocator@Gu@physx@@@8 000000018000b0b0     Cooking.obj
 0003:000000e8       ??_R0?AVtype_info@@@8      000000018000b0e8     MSVCRTD:std_type_info_static.obj
 0003:00000108       __imp_getInsertionCallback 000000018000b108     PhysXCommon_64:PhysXCommon_64.dll
 0003:00000110       __imp_??0BV4TriangleMesh@Gu@physx@@QEAA@AEBUPxTriangleMeshInternalData@2@@Z 000000018000b110     PhysXCommon_64:PhysXCommon_64.dll
 0003:00000118       __imp_cookBVH              000000018000b118     PhysXCommon_64:PhysXCommon_64.dll
 0003:00000120       __imp_createBVH            000000018000b120     PhysXCommon_64:PhysXCommon_64.dll
 0003:00000128       __imp_cookHeightField      000000018000b128     PhysXCommon_64:PhysXCommon_64.dll
 0003:00000130       __imp_createHeightField    000000018000b130     PhysXCommon_64:PhysXCommon_64.dll
 0003:00000138       __imp_cookConvexMesh       000000018000b138     PhysXCommon_64:PhysXCommon_64.dll
 0003:00000140       __imp_createConvexMesh     000000018000b140     PhysXCommon_64:PhysXCommon_64.dll
 0003:00000148       __imp_validateConvexMesh   000000018000b148     PhysXCommon_64:PhysXCommon_64.dll
 0003:00000150       __imp_computeHullPolygons  000000018000b150     PhysXCommon_64:PhysXCommon_64.dll
 0003:00000158       __imp_validateTriangleMesh 000000018000b158     PhysXCommon_64:PhysXCommon_64.dll
 0003:00000160       __imp_createTriangleMesh   000000018000b160     PhysXCommon_64:PhysXCommon_64.dll
 0003:00000168       __imp_cookTriangleMesh     000000018000b168     PhysXCommon_64:PhysXCommon_64.dll
 0003:00000170       __imp_cookTetrahedronMesh  000000018000b170     PhysXCommon_64:PhysXCommon_64.dll
 0003:00000178       __imp_createTetrahedronMesh 000000018000b178     PhysXCommon_64:PhysXCommon_64.dll
 0003:00000180       __imp_cookDeformableVolumeMesh 000000018000b180     PhysXCommon_64:PhysXCommon_64.dll
 0003:00000188       __imp_createDeformableVolumeMesh 000000018000b188     PhysXCommon_64:PhysXCommon_64.dll
 0003:00000190       __imp_computeModelsMapping 000000018000b190     PhysXCommon_64:PhysXCommon_64.dll
 0003:00000198       __imp_computeCollisionData 000000018000b198     PhysXCommon_64:PhysXCommon_64.dll
 0003:000001a0       __imp_computeSimulationData 000000018000b1a0     PhysXCommon_64:PhysXCommon_64.dll
 0003:000001a8       __imp_assembleDeformableVolumeMesh 000000018000b1a8     PhysXCommon_64:PhysXCommon_64.dll
 0003:000001b0       __imp_?release@AABBTreeBounds@Gu@physx@@QEAAXXZ 000000018000b1b0     PhysXCommon_64:PhysXCommon_64.dll
 0003:000001b8       __imp_??0BVH@Gu@physx@@QEAA@AEBUPxBVHInternalData@2@@Z 000000018000b1b8     PhysXCommon_64:PhysXCommon_64.dll
 0003:000001c0       \177PhysXCommon_64_NULL_THUNK_DATA_DLA 000000018000b1c0     PhysXCommon_64:PhysXCommon_64.dll
 0003:000001c8       __imp_PxGetBroadcastAllocator 000000018000b1c8     PhysXFoundation_64:PhysXFoundation_64.dll
 0003:000001d0       __imp_?PxAssert@physx@@YAXPEBD0HAEA_N@Z 000000018000b1d0     PhysXFoundation_64:PhysXFoundation_64.dll
 0003:000001d8       \177PhysXFoundation_64_NULL_THUNK_DATA_DLA 000000018000b1d8     PhysXFoundation_64:PhysXFoundation_64.dll
 0003:00000240       ?_ignore@?2??grow@?$PxArray@USlab@NodeAllocator@Gu@physx@@V?$PxReflectionAllocator@USlab@NodeAllocator@Gu@physx@@@4@@physx@@IEAAXI@Z@4_NA 000000018000b240     Cooking.obj
 0003:00000241       ?_ignore@?2??recreate@?$PxArray@USlab@NodeAllocator@Gu@physx@@V?$PxReflectionAllocator@USlab@NodeAllocator@Gu@physx@@@4@@physx@@IEAAXI@Z@4_NA 000000018000b241     Cooking.obj
 0003:00000250       __hmod__PhysXCommon_64_dll 000000018000b250     PhysXCommon_64:PhysXCommon_64.dll
 0003:00000258       __hmod__PhysXFoundation_64_dll 000000018000b258     PhysXFoundation_64:PhysXFoundation_64.dll
 0003:00000260       ?DloadKernel32@@3PEAUHINSTANCE__@@EA 000000018000b260     Delayimp:delayhlp.obj
 0003:00000268       ?DloadAcquireSRWLockExclusive@@3P6AXPEA_K@ZEA 000000018000b268     Delayimp:delayhlp.obj
 0003:00000270       ?DloadReleaseSRWLockExclusive@@3P6AXPEA_K@ZEA 000000018000b270     Delayimp:delayhlp.obj
 0003:00000278       ?DloadSrwLock@@3_KA        000000018000b278     Delayimp:delayhlp.obj
 0003:00000280       ?DloadSectionLockCount@@3KA 000000018000b280     Delayimp:delayhlp.obj
 0003:00000284       ?DloadSectionOldProtection@@3KA 000000018000b284     Delayimp:delayhlp.obj
 0003:00000288       ?DloadSectionCommitPermanent@@3KA 000000018000b288     Delayimp:delayhlp.obj
 0003:00000290       ?__type_info_root_node@@3U__type_info_node@@A 000000018000b290     MSVCRTD:tncleanup.obj
 0003:000002a8       __castguard_check_failure_os_handled_fptr 000000018000b2a8     MSVCRTD:guard_support.obj
 0003:000002c0       ?_OptionsStorage@?1??__local_stdio_printf_options@@9@4_KA 000000018000b2c0     MSVCRTD:default_local_stdio_options.obj
 0003:000002c8       ?_OptionsStorage@?1??__local_stdio_scanf_options@@9@4_KA 000000018000b2c8     MSVCRTD:default_local_stdio_options.obj
 0003:000002d0       __scrt_current_native_startup_state 000000018000b2d0     MSVCRTD:utility.obj
 0003:000002d8       __scrt_native_startup_lock 000000018000b2d8     MSVCRTD:utility.obj
 0003:00000318       __scrt_debugger_hook_flag  000000018000b318     MSVCRTD:utility_desktop.obj
 0003:0000031c       __favor                    000000018000b31c     MSVCRTD:cpu_disp.obj
 0003:000008a0       __dyn_tls_init_callback    000000018000b8a0     <common>

 entry point at        0001:00002f90

 Static symbols

 0000:ffff1000       .debug$S                   0000000180000000     PhysXCooking_64.exp
 0000:ffff3000       _volmd                     0000000180000000     Delayimp:delayhlp.obj
 0000:ffff3000       _volmd                     0000000180000000     Delayimp:delayhlp.obj
 0000:ffff3000       _volmd                     0000000180000000     Delayimp:delayhlp.obj
 0000:ffff3000       _volmd                     0000000180000000     Delayimp:delayhlp.obj
 0000:ffff3000       _volmd                     0000000180000000     Delayimp:delayhlp.obj
 0000:ffff3000       _volmd                     0000000180000000     Delayimp:delayhlp.obj
 0000:ffff3000       _volmd                     0000000180000000     Delayimp:delayhlp.obj
 0000:ffff3000       _volmd                     0000000180000000     Delayimp:delayhlp.obj
 0000:ffff3000       _volmd                     0000000180000000     Delayimp:delayhlp.obj
 0000:ffff3000       _volmd                     0000000180000000     Delayimp:delayhlp.obj
 0000:ffff3000       _volmd                     0000000180000000     Delayimp:delayhlp.obj
 0000:ffff3000       _volmd                     0000000180000000     MSVCRTD:cpu_disp.obj
 0002:ffff9000       __guard_ehcont_?dllmain_dispatch@@YAHQEAUHINSTANCE__@@KQEAX@Z 0000000180000000     MSVCRTD:dll_dllmain.obj
 0002:ffff9000       __guard_fids_?dllmain_dispatch@@YAHQEAUHINSTANCE__@@KQEAX@Z 0000000180000000     MSVCRTD:dll_dllmain.obj
 0002:ffff9000       __guard_ehcont_?notify_debugger@@YAXAEBUtagEXCEPTION_VISUALCPP_DEBUG_INFO@@@Z 0000000180000000     MSVCRTD:error.obj
 0000:ffff3000       _volmd                     0000000180000000     MSVCRTD:gs_report.obj
 0000:ffff3000       _volmd                     0000000180000000     MSVCRTD:gs_report.obj
 0000:ffff3000       _volmd                     0000000180000000     MSVCRTD:gs_report.obj
 0002:ffff9000       __guard_fids__             0000000180000000     MSVCRTD:guard_support.obj
 0002:ffff9000       __guard_fids__             0000000180000000     MSVCRTD:guard_support.obj
 0002:ffff9000       __guard_fids__guard_icall_checks_enforced 0000000180000000     MSVCRTD:guard_support.obj
 0000:ffff3000       _volmd                     0000000180000000     MSVCRTD:guard_support.obj
 0000:ffff3000       _volmd                     0000000180000000     MSVCRTD:guard_support.obj
 0000:ffff3000       _volmd                     0000000180000000     MSVCRTD:guard_support.obj
 0002:ffff9000       __guard_fids__CRT_RTC_INIT 0000000180000000     MSVCRTD:init.obj
 0002:ffff9000       __guard_fids__CRT_RTC_INITW 0000000180000000     MSVCRTD:init.obj
 0002:ffff9000       __guard_fids__             0000000180000000     MSVCRTD:std_type_info_static.obj
 0002:ffff9000       __guard_ehcont___scrt_is_nonwritable_in_current_image 0000000180000000     MSVCRTD:utility.obj
 0000:ffff3000       _volmd                     0000000180000000     MSVCRTD:utility.obj
 0000:ffff3000       _volmd                     0000000180000000     MSVCRTD:utility.obj
 0000:ffff3000       _volmd                     0000000180000000     MSVCRTD:utility.obj
 0002:ffff9000       __guard_fids___scrt_set_unhandled_exception_filter 0000000180000000     MSVCRTD:utility_desktop.obj
 0000:ffff3000       _volmd                     0000000180000000     MSVCRTD:utility_desktop.obj
 0000:ffff1000       .debug$S                   0000000180000000     vcruntimed:VCRUNTIME140D.dll
 0000:ffff1000       .debug$S                   0000000180000000     vcruntimed:VCRUNTIME140D.dll
 0000:ffff1000       .debug$S                   0000000180000000     vcruntimed:VCRUNTIME140D.dll
 0000:ffff1000       .debug$S                   0000000180000000     vcruntimed:VCRUNTIME140D.dll
 0000:ffff1000       .debug$S                   0000000180000000     vcruntimed:VCRUNTIME140D.dll
 0000:ffff1000       .debug$S                   0000000180000000     vcruntimed:VCRUNTIME140D.dll
 0000:ffff1000       .debug$S                   0000000180000000     vcruntimed:VCRUNTIME140D.dll
 0000:ffff1000       .debug$S                   0000000180000000     vcruntimed:VCRUNTIME140D.dll
 0000:ffff1000       .debug$S                   0000000180000000     vcruntimed:VCRUNTIME140D.dll
 0000:ffff1000       .debug$S                   0000000180000000     vcruntimed:VCRUNTIME140D.dll
 0000:ffff1000       .debug$S                   0000000180000000     vcruntimed:VCRUNTIME140D.dll
 0000:ffff1000       .debug$S                   0000000180000000     vcruntimed:VCRUNTIME140D.dll
 0000:ffff1000       .debug$S                   0000000180000000     ucrtd:ucrtbased.dll
 0000:ffff1000       .debug$S                   0000000180000000     ucrtd:ucrtbased.dll
 0000:ffff1000       .debug$S                   0000000180000000     ucrtd:ucrtbased.dll
 0000:ffff1000       .debug$S                   0000000180000000     ucrtd:ucrtbased.dll
 0000:ffff1000       .debug$S                   0000000180000000     ucrtd:ucrtbased.dll
 0000:ffff1000       .debug$S                   0000000180000000     ucrtd:ucrtbased.dll
 0000:ffff1000       .debug$S                   0000000180000000     ucrtd:ucrtbased.dll
 0000:ffff1000       .debug$S                   0000000180000000     ucrtd:ucrtbased.dll
 0000:ffff1000       .debug$S                   0000000180000000     ucrtd:ucrtbased.dll
 0000:ffff1000       .debug$S                   0000000180000000     ucrtd:ucrtbased.dll
 0000:ffff1000       .debug$S                   0000000180000000     ucrtd:ucrtbased.dll
 0000:ffff1000       .debug$S                   0000000180000000     ucrtd:ucrtbased.dll
 0000:ffff1000       .debug$S                   0000000180000000     ucrtd:ucrtbased.dll
 0000:ffff1000       .debug$S                   0000000180000000     ucrtd:ucrtbased.dll
 0000:ffff1000       .debug$S                   0000000180000000     ucrtd:ucrtbased.dll
 0000:ffff1000       .debug$S                   0000000180000000     ucrtd:ucrtbased.dll
 0000:ffff1000       .debug$S                   0000000180000000     ucrtd:ucrtbased.dll
 0000:ffff1000       .debug$S                   0000000180000000     ucrtd:ucrtbased.dll
 0000:ffff1000       .debug$S                   0000000180000000     ucrtd:ucrtbased.dll
 0000:ffff1000       .debug$S                   0000000180000000     ucrtd:ucrtbased.dll
 0000:ffff1000       .debug$S                   0000000180000000     ucrtd:ucrtbased.dll
 0000:ffff1000       .debug$S                   0000000180000000     kernel32:KERNEL32.dll
 0000:ffff1000       .debug$S                   0000000180000000     kernel32:KERNEL32.dll
 0000:ffff1000       .debug$S                   0000000180000000     kernel32:KERNEL32.dll
 0000:ffff1000       .debug$S                   0000000180000000     kernel32:KERNEL32.dll
 0000:ffff1000       .debug$S                   0000000180000000     kernel32:KERNEL32.dll
 0000:ffff1000       .debug$S                   0000000180000000     kernel32:KERNEL32.dll
 0000:ffff1000       .debug$S                   0000000180000000     kernel32:KERNEL32.dll
 0000:ffff1000       .debug$S                   0000000180000000     kernel32:KERNEL32.dll
 0000:ffff1000       .debug$S                   0000000180000000     kernel32:KERNEL32.dll
 0000:ffff1000       .debug$S                   0000000180000000     kernel32:KERNEL32.dll
 0000:ffff1000       .debug$S                   0000000180000000     kernel32:KERNEL32.dll
 0000:ffff1000       .debug$S                   0000000180000000     kernel32:KERNEL32.dll
 0000:ffff1000       .debug$S                   0000000180000000     kernel32:KERNEL32.dll
 0000:ffff1000       .debug$S                   0000000180000000     kernel32:KERNEL32.dll
 0000:ffff1000       .debug$S                   0000000180000000     kernel32:KERNEL32.dll
 0000:ffff1000       .debug$S                   0000000180000000     kernel32:KERNEL32.dll
 0000:ffff1000       .debug$S                   0000000180000000     kernel32:KERNEL32.dll
 0000:ffff1000       .debug$S                   0000000180000000     kernel32:KERNEL32.dll
 0000:ffff1000       .debug$S                   0000000180000000     kernel32:KERNEL32.dll
 0000:ffff1000       .debug$S                   0000000180000000     kernel32:KERNEL32.dll
 0000:ffff1000       .debug$S                   0000000180000000     kernel32:KERNEL32.dll
 0000:ffff1000       .debug$S                   0000000180000000     kernel32:KERNEL32.dll
 0000:ffff1000       .debug$S                   0000000180000000     kernel32:KERNEL32.dll
 0000:ffff1000       .debug$S                   0000000180000000     kernel32:KERNEL32.dll
 0000:ffff1000       .debug$S                   0000000180000000     kernel32:KERNEL32.dll
 0000:ffff1000       .debug$S                   0000000180000000     kernel32:KERNEL32.dll
 0000:ffff1000       .debug$S                   0000000180000000     kernel32:KERNEL32.dll
 0000:ffff1000       .debug$S                   0000000180000000     kernel32:KERNEL32.dll
 0000:ffff1000       .debug$S                   0000000180000000     kernel32:KERNEL32.dll
 0000:ffff1000       .debug$S                   0000000180000000     kernel32:KERNEL32.dll
 0000:ffff1000       .debug$S                   0000000180000000     kernel32:KERNEL32.dll
 0000:ffff1000       .debug$S                   0000000180000000     PhysXCommon_64:PhysXCommon_64.dll
 0000:ffff1000       .debug$S                   0000000180000000     PhysXCommon_64:PhysXCommon_64.dll
 0000:ffff1000       .debug$S                   0000000180000000     PhysXCommon_64:PhysXCommon_64.dll
 0000:ffff1000       .debug$S                   0000000180000000     PhysXCommon_64:PhysXCommon_64.dll
 0000:ffff1000       .debug$S                   0000000180000000     PhysXCommon_64:PhysXCommon_64.dll
 0000:ffff1000       .debug$S                   0000000180000000     PhysXCommon_64:PhysXCommon_64.dll
 0000:ffff1000       .debug$S                   0000000180000000     PhysXCommon_64:PhysXCommon_64.dll
 0000:ffff1000       .debug$S                   0000000180000000     PhysXCommon_64:PhysXCommon_64.dll
 0000:ffff1000       .debug$S                   0000000180000000     PhysXCommon_64:PhysXCommon_64.dll
 0000:ffff1000       .debug$S                   0000000180000000     PhysXCommon_64:PhysXCommon_64.dll
 0000:ffff1000       .debug$S                   0000000180000000     PhysXCommon_64:PhysXCommon_64.dll
 0000:ffff1000       .debug$S                   0000000180000000     PhysXCommon_64:PhysXCommon_64.dll
 0000:ffff1000       .debug$S                   0000000180000000     PhysXCommon_64:PhysXCommon_64.dll
 0000:ffff1000       .debug$S                   0000000180000000     PhysXCommon_64:PhysXCommon_64.dll
 0000:ffff1000       .debug$S                   0000000180000000     PhysXCommon_64:PhysXCommon_64.dll
 0000:ffff1000       .debug$S                   0000000180000000     PhysXCommon_64:PhysXCommon_64.dll
 0000:ffff1000       .debug$S                   0000000180000000     PhysXCommon_64:PhysXCommon_64.dll
 0000:ffff1000       .debug$S                   0000000180000000     PhysXCommon_64:PhysXCommon_64.dll
 0000:ffff1000       .debug$S                   0000000180000000     PhysXCommon_64:PhysXCommon_64.dll
 0000:ffff1000       .debug$S                   0000000180000000     PhysXCommon_64:PhysXCommon_64.dll
 0000:ffff1000       .debug$S                   0000000180000000     PhysXCommon_64:PhysXCommon_64.dll
 0000:ffff1000       .debug$S                   0000000180000000     PhysXCommon_64:PhysXCommon_64.dll
 0000:ffff1000       .debug$S                   0000000180000000     PhysXCommon_64:PhysXCommon_64.dll
 0000:ffff1000       .debug$S                   0000000180000000     PhysXFoundation_64:PhysXFoundation_64.dll
 0000:ffff1000       .debug$S                   0000000180000000     PhysXFoundation_64:PhysXFoundation_64.dll
 0001:00000000       ??__EmaxFError@vecMathTests@aos@physx@@YAXXZ 0000000180001000 f   Cooking.obj
 0001:00000030       ??__EmaxV3Error@vecMathTests@aos@physx@@YAXXZ 0000000180001030 f   Cooking.obj
 0001:00000060       ??__EmaxV4Error@vecMathTests@aos@physx@@YAXXZ 0000000180001060 f   Cooking.obj
 0001:00000090       ??__EminFError@vecMathTests@aos@physx@@YAXXZ 0000000180001090 f   Cooking.obj
 0001:000000c0       ??__EminV3Error@vecMathTests@aos@physx@@YAXXZ 00000001800010c0 f   Cooking.obj
 0001:000000f0       ??__EminV4Error@vecMathTests@aos@physx@@YAXXZ 00000001800010f0 f   Cooking.obj
 0001:00001c04       $LN12                      0000000180002c04     WindowsCookingDelayLoadHook.obj
 0001:0000242c       ?FLoadedAtPreferredAddress@@YA_NPEAU_IMAGE_NT_HEADERS64@@PEAUHINSTANCE__@@@Z 000000018000342c f   Delayimp:delayhlp.obj
 0001:00002440       ?OverlayIAT@@YAXPEAU_IMAGE_THUNK_DATA64@@PEBU1@@Z 0000000180003440 f   Delayimp:delayhlp.obj
 0001:00002478       ?PiddFromDllName@@YAPEBUImgDelayDescr@@PEBD@Z 0000000180003478 f   Delayimp:delayhlp.obj
 0001:00002518       ?PinhFromImageBase@@YAPEAU_IMAGE_NT_HEADERS64@@PEAUHINSTANCE__@@@Z 0000000180003518 f   Delayimp:delayhlp.obj
 0001:00002520       ?TimeStampOfImage@@YAKPEAU_IMAGE_NT_HEADERS64@@@Z 0000000180003520 f   Delayimp:delayhlp.obj
 0001:00002524       ?__memcmp@@YAHPEBX0_K@Z    0000000180003524 f   Delayimp:delayhlp.obj
 0001:00002548       ?__memcpy@@YAPEAXPEAXPEBX_K@Z 0000000180003548 f   Delayimp:delayhlp.obj
 0001:00002568       ?__strlen@@YA_KPEBD@Z      0000000180003568 f   Delayimp:delayhlp.obj
 0001:00002b50       ?dllmain_crt_dispatch@@YAHQEAUHINSTANCE__@@KQEAX@Z 0000000180003b50 f   MSVCRTD:dll_dllmain.obj
 0001:00002be0       ?dllmain_crt_process_attach@@YAHQEAUHINSTANCE__@@QEAX@Z 0000000180003be0 f   MSVCRTD:dll_dllmain.obj
[...]
 0002:000017a4       $unwind$?cookingDelayHook@@YAP6A_JXZIPEAUDelayLoadInfo@@@Z 00000001800087a4     WindowsCookingDelayLoadHook.obj
 0002:000017ac       xdata                      00000001800087ac     PhysXCommon_64:PhysXCommon_64.dll
 0002:000017b4       xdata                      00000001800087b4     PhysXFoundation_64:PhysXFoundation_64.dll
 0002:000017bc       $unwind$__FUnloadDelayLoadedDLL2 00000001800087bc     Delayimp:delayhlp.obj
 0002:000017d4       $unwind$__HrLoadAllImportsForDll 00000001800087d4     Delayimp:delayhlp.obj
 0002:000017e4       $unwind$?DloadGetSRWLockFunctionPointers@@YAEXZ 00000001800087e4     Delayimp:delayhlp.obj
 0002:000017f0       $unwind$?DloadLock@@YAXXZ  00000001800087f0     Delayimp:delayhlp.obj
 0002:000017f8       $unwind$?DloadUnlock@@YAXXZ 00000001800087f8     Delayimp:delayhlp.obj
 0002:00001800       $unwind$?DloadObtainSection@@YAPEAXPEAK0@Z 0000000180008800     Delayimp:delayhlp.obj
 0002:00001810       $unwind$?DloadMakePermanentImageCommit@@YAXPEAX_K@Z 0000000180008810     Delayimp:delayhlp.obj
 0002:0000181c       $unwind$?DloadProtectSection@@YAXKPEAK@Z 000000018000881c     Delayimp:delayhlp.obj
 0002:0000182c       $unwind$?DloadAcquireSectionWriteAccess@@YAXXZ 000000018000882c     Delayimp:delayhlp.obj
 0002:00001834       $unwind$?DloadReleaseSectionWriteAccess@@YAXXZ 0000000180008834     Delayimp:delayhlp.obj
 0002:0000183c       $unwind$?PiddFromDllName@@YAPEBUImgDelayDescr@@PEBD@Z 000000018000883c     Delayimp:delayhlp.obj
 0002:00001844       $unwind$__delayLoadHelper2 0000000180008844     Delayimp:delayhlp.obj
 0002:00001860       $unwind$??3@YAXPEAX@Z      0000000180008860     MSVCRTD:delete_scalar.obj
 0002:00001868       $unwind$??3@YAXPEAX_K@Z    0000000180008868     MSVCRTD:delete_scalar_size.obj
 0002:00001870       $unwind$??_V@YAXPEAX@Z     0000000180008870     MSVCRTD:delete_array.obj
 0002:00001878       $unwind$??_V@YAXPEAX_K@Z   0000000180008878     MSVCRTD:delete_array_size.obj
 0002:00001880       $unwind$_RTC_Shutdown      0000000180008880     MSVCRTD:init.obj
 0002:00001888       $unwind$_RTC_InitBase      0000000180008888     MSVCRTD:init.obj
 0002:00001890       $unwind$??_Gtype_info@@UEAAPEAXI@Z 0000000180008890     MSVCRTD:std_type_info_static.obj
 0002:00001898       $unwind$?__scrt_initialize_type_info@@YAXXZ 0000000180008898     MSVCRTD:tncleanup.obj
 0002:000018a0       $unwind$?__scrt_uninitialize_type_info@@YAXXZ 00000001800088a0     MSVCRTD:tncleanup.obj
 0002:000018a8       $unwind$?dllmain_crt_process_attach@@YAHQEAUHINSTANCE__@@QEAX@Z 00000001800088a8     MSVCRTD:dll_dllmain.obj
 0002:000018c8       $unwind$?fin$0@?0??dllmain_crt_process_attach@@YAHQEAUHINSTANCE__@@QEAX@Z@4HA 00000001800088c8     MSVCRTD:dll_dllmain.obj
 0002:000018d0       $unwind$?dllmain_crt_process_detach@@YAH_N@Z 00000001800088d0     MSVCRTD:dll_dllmain.obj
 0002:00001900       $unwind$?fin$0@?0??dllmain_crt_process_detach@@YAH_N@Z@4HA 0000000180008900     MSVCRTD:dll_dllmain.obj
 0002:00001908       $unwind$?fin$1@?0??dllmain_crt_process_detach@@YAH_N@Z@4HA 0000000180008908     MSVCRTD:dll_dllmain.obj
 0002:00001910       $unwind$?dllmain_crt_dispatch@@YAHQEAUHINSTANCE__@@KQEAX@Z 0000000180008910     MSVCRTD:dll_dllmain.obj
 0002:00001918       $unwind$_CRT_INIT          0000000180008918     MSVCRTD:dll_dllmain.obj
 0002:00001920       $unwind$?dllmain_raw@@YAHQEAUHINSTANCE__@@KQEAX@Z 0000000180008920     MSVCRTD:dll_dllmain.obj
 0002:00001928       $unwind$?dllmain_dispatch@@YAHQEAUHINSTANCE__@@KQEAX@Z 0000000180008928     MSVCRTD:dll_dllmain.obj
 0002:00001948       $unwind$?filt$0@?0??dllmain_dispatch@@YAHQEAUHINSTANCE__@@KQEAX@Z@4HA 0000000180008948     MSVCRTD:dll_dllmain.obj
 0002:00001950       $unwind$_DllMainCRTStartup 0000000180008950     MSVCRTD:dll_dllmain.obj
 0002:00001958       $unwind$ReadNoFence64      0000000180008958     MSVCRTD:guard_support.obj
 0002:00001960       $unwind$ReadPointerNoFence 0000000180008960     MSVCRTD:guard_support.obj
 0002:00001968       $unwind$_guard_icall_checks_enforced 0000000180008968     MSVCRTD:guard_support.obj
 0002:00001970       $unwind$__castguard_compat_check 0000000180008970     MSVCRTD:guard_support.obj
 0002:00001978       $unwind$__castguard_check_failure_debugbreak 0000000180008978     MSVCRTD:guard_support.obj
 0002:00001980       $unwind$__castguard_check_failure_fastfail 0000000180008980     MSVCRTD:guard_support.obj
 0002:00001988       $unwind$__castguard_check_failure_os_handled 0000000180008988     MSVCRTD:guard_support.obj
 0002:00001990       $unwind$__castguard_slow_path_compat_check 0000000180008990     MSVCRTD:guard_support.obj
 0002:00001998       $unwind$__castguard_slow_path_check_debugbreak 0000000180008998     MSVCRTD:guard_support.obj
 0002:000019a0       $unwind$__castguard_slow_path_check_fastfail 00000001800089a0     MSVCRTD:guard_support.obj
 0002:000019a8       $unwind$__castguard_slow_path_check_os_handled 00000001800089a8     MSVCRTD:guard_support.obj
 0002:000019b0       $unwind$__security_init_cookie 00000001800089b0     MSVCRTD:gs_support.obj
 0002:000019b8       $unwind$__get_entropy      00000001800089b8     MSVCRTD:gs_support.obj
 0002:000019c0       $unwind$DllMain            00000001800089c0     MSVCRTD:dll_dllmain_stub.obj
 0002:000019c8       $unwind$__scrt_initialize_default_local_stdio_options 00000001800089c8     MSVCRTD:default_local_stdio_options.obj
 0002:000019d0       $unwind$atexit             00000001800089d0     MSVCRTD:utility.obj
 0002:000019d8       $unwind$_onexit            00000001800089d8     MSVCRTD:utility.obj
 0002:000019e0       $unwind$at_quick_exit      00000001800089e0     MSVCRTD:utility.obj
 0002:000019e8       $unwind$__scrt_is_nonwritable_in_current_image 00000001800089e8     MSVCRTD:utility.obj
 0002:00001a08       $unwind$__scrt_is_nonwritable_in_current_image$filt$0 0000000180008a08     MSVCRTD:utility.obj
 0002:00001a10       $unwind$__scrt_acquire_startup_lock 0000000180008a10     MSVCRTD:utility.obj
 0002:00001a18       $unwind$__scrt_release_startup_lock 0000000180008a18     MSVCRTD:utility.obj
 0002:00001a20       $unwind$__scrt_initialize_crt 0000000180008a20     MSVCRTD:utility.obj
 0002:00001a28       $unwind$__scrt_uninitialize_crt 0000000180008a28     MSVCRTD:utility.obj
 0002:00001a30       $unwind$__scrt_initialize_onexit_tables 0000000180008a30     MSVCRTD:utility.obj
 0002:00001a3c       $unwind$__scrt_dllmain_exception_filter 0000000180008a3c     MSVCRTD:utility.obj
 0002:00001a44       $unwind$__scrt_dllmain_before_initialize_c 0000000180008a44     MSVCRTD:utility.obj
 0002:00001a4c       $unwind$__scrt_dllmain_after_initialize_c 0000000180008a4c     MSVCRTD:utility.obj
 0002:00001a54       $unwind$__scrt_dllmain_uninitialize_c 0000000180008a54     MSVCRTD:utility.obj
 0002:00001a5c       $unwind$__scrt_dllmain_uninitialize_critical 0000000180008a5c     MSVCRTD:utility.obj
 0002:00001a64       $unwind$__scrt_dllmain_crt_thread_attach 0000000180008a64     MSVCRTD:utility.obj
 0002:00001a6c       $unwind$__scrt_dllmain_crt_thread_detach 0000000180008a6c     MSVCRTD:utility.obj
 0002:00001a74       $unwind$?configure_argv@__scrt_narrow_argv_policy@@SAHXZ 0000000180008a74     MSVCRTD:utility.obj
 0002:00001a7c       $unwind$?initialize_environment@__scrt_narrow_environment_policy@@SAHXZ 0000000180008a7c     MSVCRTD:utility.obj
 0002:00001a84       $unwind$?is_potentially_valid_image_base@@YA_NQEAX@Z 0000000180008a84     MSVCRTD:utility.obj
 0002:00001a8c       $unwind$?find_pe_section@@YAPEAU_IMAGE_SECTION_HEADER@@QEAE_K@Z 0000000180008a8c     MSVCRTD:utility.obj
 0002:00001a94       $unwind$__scrt_get_show_window_mode 0000000180008a94     MSVCRTD:utility_desktop.obj
 0002:00001aa0       $unwind$__scrt_is_managed_app 0000000180008aa0     MSVCRTD:utility_desktop.obj
 0002:00001aa8       $unwind$__scrt_initialize_mta 0000000180008aa8     MSVCRTD:utility_desktop.obj
 0002:00001ab0       $unwind$__scrt_set_unhandled_exception_filter 0000000180008ab0     MSVCRTD:utility_desktop.obj
 0002:00001ab8       $unwind$__scrt_fastfail    0000000180008ab8     MSVCRTD:utility_desktop.obj
 0002:00001ac4       $unwind$__scrt_unhandled_exception_filter 0000000180008ac4     MSVCRTD:utility_desktop.obj
 0002:00001acc       $unwind$_RTC_Initialize    0000000180008acc     MSVCRTD:initsect.obj
 0002:00001ad8       $unwind$_RTC_Terminate     0000000180008ad8     MSVCRTD:initsect.obj
 0002:00001ae8       $xdatasym                  0000000180008ae8     MSVCRTD:guard_dispatch.obj
 0002:00001af0       $xdatasym                  0000000180008af0     MSVCRTD:guard_xfg_dispatch.obj
 0002:00001af4       $unwind$_RTC_UninitUse     0000000180008af4     MSVCRTD:error.obj
 0002:00001b0c       $unwind$?_RTC_StackFailure@@YAXPEAXPEBD@Z 0000000180008b0c     MSVCRTD:error.obj
 0002:00001b28       $unwind$?_RTC_AllocaFailure@@YAXPEAXPEAU_RTC_ALLOCA_NODE@@H@Z 0000000180008b28     MSVCRTD:error.obj
 0002:00001b40       $chain$0$?_RTC_AllocaFailure@@YAXPEAXPEAU_RTC_ALLOCA_NODE@@H@Z 0000000180008b40     MSVCRTD:error.obj
 0002:00001b54       $chain$1$?_RTC_AllocaFailure@@YAXPEAXPEAU_RTC_ALLOCA_NODE@@H@Z 0000000180008b54     MSVCRTD:error.obj
 0002:00001b64       $unwind$_vsprintf_s_l      0000000180008b64     MSVCRTD:error.obj
 0002:00001b78       $unwind$sprintf_s          0000000180008b78     MSVCRTD:error.obj
 0002:00001b80       $unwind$?notify_debugger@@YAXAEBUtagEXCEPTION_VISUALCPP_DEBUG_INFO@@@Z 0000000180008b80     MSVCRTD:error.obj
 0002:00001ba0       $unwind$?filt$0@?0??notify_debugger@@YAXAEBUtagEXCEPTION_VISUALCPP_DEBUG_INFO@@@Z@4HA 0000000180008ba0     MSVCRTD:error.obj
 0002:00001ba8       $unwind$?DebuggerProbe@@YA_NK@Z 0000000180008ba8     MSVCRTD:error.obj
 0002:00001bb0       $unwind$?DebuggerRuntime@@YA_NKHPEAXPEB_W@Z 0000000180008bb0     MSVCRTD:error.obj
 0002:00001bb8       $unwind$?failwithmessage@@YAXPEAXHHPEBD@Z 0000000180008bb8     MSVCRTD:error.obj
 0002:00001bdc       $unwind$?_getMemBlockDataString@@YAXPEAD0PEBD_K@Z 0000000180008bdc     MSVCRTD:error.obj
 0002:00001bec       $chain$3$?_getMemBlockDataString@@YAXPEAD0PEBD_K@Z 0000000180008bec     MSVCRTD:error.obj
 0002:00001c0c       $chain$4$?_getMemBlockDataString@@YAXPEAD0PEBD_K@Z 0000000180008c0c     MSVCRTD:error.obj
 0002:00001c1c       $unwind$__isa_available_init 0000000180008c1c     MSVCRTD:cpu_disp.obj
 0002:00001c2c       $unwind$__scrt_is_ucrt_dll_in_use 0000000180008c2c     MSVCRTD:ucrt_detection.obj
 0002:00001c34       $unwind$?_RTC_GetSrcLine@@YAHPEAEPEA_WKPEAH1K@Z 0000000180008c34     MSVCRTD:pdblkup.obj
 0002:00001c4c       $unwind$?GetPdbDllFromInstallPath@@YAPEAUHINSTANCE__@@XZ 0000000180008c4c     MSVCRTD:pdblkup.obj
 0002:00001c70       $unwind$?GetPdbDllPathFromFilePath@@YAHPEB_WPEA_W_K@Z 0000000180008c70     MSVCRTD:pdblkup.obj
 0002:00001c88       $unwind$?GetPdbDll@@YAPEAUHINSTANCE__@@XZ 0000000180008c88     MSVCRTD:pdblkup.obj
 0002:00001c98       $unwind$__GSHandlerCheckCommon 0000000180008c98     MSVCRTD:gshandler.obj
 0002:00001ca0       $unwind$__GSHandlerCheck   0000000180008ca0     MSVCRTD:gshandler.obj
 0002:00001ca8       $xdatasym                  0000000180008ca8     MSVCRTD:amdsecgs.obj
 0002:00001cac       $unwind$__report_securityfailure 0000000180008cac     MSVCRTD:gs_report.obj
 0002:00001cb4       $unwind$__report_securityfailureEx 0000000180008cb4     MSVCRTD:gs_report.obj
 0002:00001cbc       $unwind$__report_rangecheckfailure 0000000180008cbc     MSVCRTD:gs_report.obj
 0002:00001cc4       $unwind$__report_gsfailure 0000000180008cc4     MSVCRTD:gs_report.obj
 0002:00001ccc       $unwind$capture_current_context 0000000180008ccc     MSVCRTD:gs_report.obj
 0002:00001cd4       $unwind$capture_previous_context 0000000180008cd4     MSVCRTD:gs_report.obj
 0002:00001cdc       $unwind$__raise_securityfailure 0000000180008cdc     MSVCRTD:gs_report.obj
 0002:000021a0       .edata                     00000001800091a0     PhysXCooking_64.exp
 0002:000021c8       rgpv                       00000001800091c8     PhysXCooking_64.exp
 0002:000022ac       rgszName                   00000001800092ac     PhysXCooking_64.exp
 0002:00002390       rgwOrd                     0000000180009390     PhysXCooking_64.exp
 0002:00002402       szName                     0000000180009402     PhysXCooking_64.exp
 0002:00002416       $N00001                    0000000180009416     PhysXCooking_64.exp
 0002:0000243a       $N00002                    000000018000943a     PhysXCooking_64.exp
 0002:00002469       $N00003                    0000000180009469     PhysXCooking_64.exp
 0002:00002490       $N00004                    0000000180009490     PhysXCooking_64.exp
 0002:000024e7       $N00005                    00000001800094e7     PhysXCooking_64.exp
 0002:00002512       $N00006                    0000000180009512     PhysXCooking_64.exp
 0002:00002538       $N00007                    0000000180009538     PhysXCooking_64.exp
 0002:00002557       $N00008                    0000000180009557     PhysXCooking_64.exp
 0002:0000257b       $N00009                    000000018000957b     PhysXCooking_64.exp
 0002:000025a2       $N00010                    00000001800095a2     PhysXCooking_64.exp
 0002:000025cb       $N00011                    00000001800095cb     PhysXCooking_64.exp
 0002:000025ea       $N00012                    00000001800095ea     PhysXCooking_64.exp
 0002:0000261d       $N00013                    000000018000961d     PhysXCooking_64.exp
 0002:00002653       $N00014                    0000000180009653     PhysXCooking_64.exp
 0002:0000268b       $N00015                    000000018000968b     PhysXCooking_64.exp
 0002:000026bd       $N00016                    00000001800096bd     PhysXCooking_64.exp
 0002:000026e9       $N00017                    00000001800096e9     PhysXCooking_64.exp
 0002:00002705       $N00018                    0000000180009705     PhysXCooking_64.exp
 0002:0000272f       $N00019                    000000018000972f     PhysXCooking_64.exp
 0002:0000276b       $N00020                    000000018000976b     PhysXCooking_64.exp
 0002:000027a6       $N00021                    00000001800097a6     PhysXCooking_64.exp
 0002:000027e1       $N00022                    00000001800097e1     PhysXCooking_64.exp
 0002:00002816       $N00023                    0000000180009816     PhysXCooking_64.exp
 0002:00002852       $N00024                    0000000180009852     PhysXCooking_64.exp
 0002:00002885       $N00025                    0000000180009885     PhysXCooking_64.exp
 0002:000028b8       $N00026                    00000001800098b8     PhysXCooking_64.exp
 0002:000028f2       $N00027                    00000001800098f2     PhysXCooking_64.exp
 0002:0000292c       $N00028                    000000018000992c     PhysXCooking_64.exp
 0002:00002959       $N00029                    0000000180009959     PhysXCooking_64.exp
 0002:0000298c       $N00030                    000000018000998c     PhysXCooking_64.exp
 0002:000029ba       $N00031                    00000001800099ba     PhysXCooking_64.exp
 0002:000029e7       $N00032                    00000001800099e7     PhysXCooking_64.exp
 0002:00002a23       $N00033                    0000000180009a23     PhysXCooking_64.exp
 0002:00002a60       $N00034                    0000000180009a60     PhysXCooking_64.exp
 0002:00002a90       $N00035                    0000000180009a90     PhysXCooking_64.exp
 0002:00002aaf       $N00036                    0000000180009aaf     PhysXCooking_64.exp
 0002:00002ac6       $N00037                    0000000180009ac6     PhysXCooking_64.exp
 0002:00002adc       $N00038                    0000000180009adc     PhysXCooking_64.exp
 0002:00002af3       $N00039                    0000000180009af3     PhysXCooking_64.exp
 0002:00002b0b       $N00040                    0000000180009b0b     PhysXCooking_64.exp
 0002:00002b15       $N00041                    0000000180009b15     PhysXCooking_64.exp
 0002:00002b26       $N00042                    0000000180009b26     PhysXCooking_64.exp
 0002:00002b41       $N00043                    0000000180009b41     PhysXCooking_64.exp
 0002:00002b53       $N00044                    0000000180009b53     PhysXCooking_64.exp
 0002:00002b69       $N00045                    0000000180009b69     PhysXCooking_64.exp
 0002:00002b7c       $N00046                    0000000180009b7c     PhysXCooking_64.exp
 0002:00002b88       $N00047                    0000000180009b88     PhysXCooking_64.exp
 0002:00002b9c       $N00048                    0000000180009b9c     PhysXCooking_64.exp
 0002:00002baf       $N00049                    0000000180009baf     PhysXCooking_64.exp
 0002:00002bcc       $N00050                    0000000180009bcc     PhysXCooking_64.exp
 0002:00002be0       $N00051                    0000000180009be0     PhysXCooking_64.exp
 0002:00002bf8       $N00052                    0000000180009bf8     PhysXCooking_64.exp
 0002:00002c0d       $N00053                    0000000180009c0d     PhysXCooking_64.exp
 0002:00002c2a       $N00054                    0000000180009c2a     PhysXCooking_64.exp
 0002:00002c4b       $N00055                    0000000180009c4b     PhysXCooking_64.exp
 0002:00002c6a       $N00056                    0000000180009c6a     PhysXCooking_64.exp
 0002:00002c7f       $N00057                    0000000180009c7f     PhysXCooking_64.exp
 0002:00002f10       .idata$6                   0000000180009f10     kernel32:KERNEL32.dll
 0002:00003030       .idata$6                   000000018000a030     vcruntimed:VCRUNTIME140D.dll
 0002:000031c2       .idata$6                   000000018000a1c2     ucrtd:ucrtbased.dll
 0003:000001e0       ?maxV3Error@vecMathTests@aos@physx@@3T__m128@@B 000000018000b1e0     Cooking.obj
 0003:000001f0       ?minFError@vecMathTests@aos@physx@@3T__m128@@B 000000018000b1f0     Cooking.obj
 0003:00000200       ?maxV4Error@vecMathTests@aos@physx@@3T__m128@@B 000000018000b200     Cooking.obj
 0003:00000210       ?minV4Error@vecMathTests@aos@physx@@3T__m128@@B 000000018000b210     Cooking.obj
 0003:00000220       ?minV3Error@vecMathTests@aos@physx@@3T__m128@@B 000000018000b220     Cooking.obj
 0003:00000230       ?maxFError@vecMathTests@aos@physx@@3T__m128@@B 000000018000b230     Cooking.obj
 0003:00000248       ?gCookingDelayLoadHook@@3PEBVPxDelayLoadHook@physx@@EB 000000018000b248     WindowsCookingDelayLoadHook.obj
 0003:0000028c       ?init@?1??_RTC_InitBase@@9@4_NA 000000018000b28c     MSVCRTD:init.obj
 0003:000002a0       ?__proc_attached@@3HA      000000018000b2a0     MSVCRTD:dll_dllmain.obj
 0003:000002b0       ?_RTC_ErrorReportFunc@@3P6AHHPEBDH00ZZEA 000000018000b2b0     MSVCRTD:userapi.obj
 0003:000002b8       ?_RTC_ErrorReportFuncW@@3P6AHHPEB_WH00ZZEA 000000018000b2b8     MSVCRTD:userapi.obj
 0003:000002e0       ?is_initialized_as_dll@@3_NA 000000018000b2e0     MSVCRTD:utility.obj
 0003:000002e1       ?module_local_atexit_table_initialized@@3_NA 000000018000b2e1     MSVCRTD:utility.obj
 0003:000002e8       ?module_local_atexit_table@@3U_onexit_table_t@@A 000000018000b2e8     MSVCRTD:utility.obj
 0003:00000300       ?module_local_at_quick_exit_table@@3U_onexit_table_t@@A 000000018000b300     MSVCRTD:utility.obj
 0003:00000320       ?mspdb@@3PEAUHINSTANCE__@@EA 000000018000b320     MSVCRTD:pdblkup.obj
 0003:00000328       ?alreadyTried@?1??GetPdbDll@@YAPEAUHINSTANCE__@@XZ@4_NA 000000018000b328     MSVCRTD:pdblkup.obj
 0003:00000329       ?PDBOK@?1??_RTC_GetSrcLine@@YAHPEAEPEA_WKPEAH1K@Z@4_NA 000000018000b329     MSVCRTD:pdblkup.obj
 0003:00000330       GS_ExceptionRecord         000000018000b330     MSVCRTD:gs_report.obj
 0003:000003d0       GS_ContextRecord           000000018000b3d0     MSVCRTD:gs_report.obj
 0005:000000a0       $R000000                   000000018000d0a0     PhysXCooking.res
 0005:000003d0       $R000330                   000000018000d3d0     PhysXCooking.res
